
 /----------------------------------------------------------------------------\
 |  yosys -- Yosys Open SYnthesis Suite                                       |
 |  Copyright (C) 2012 - 2025  Claire Xenia Wolf <claire@yosyshq.com>         |
 |  Distributed under an ISC-like license, type "license" to see terms        |
 \----------------------------------------------------------------------------/
 Yosys 0.58+35 (git sha1 9a12d9255, clang++ 18.1.3 -fPIC -O3)

-- Executing script file `/home/filippo/Desktop/ode4ec/proveSintesi/fault/130nm/counter/synth.ys' --

1. Executing Verilog-2005 frontend: /home/filippo/Desktop/ode4ec/faultTests/circuits/counter/Counter4Bits.v
Parsing Verilog input from `/home/filippo/Desktop/ode4ec/faultTests/circuits/counter/Counter4Bits.v' to AST representation.
verilog frontend filename /home/filippo/Desktop/ode4ec/faultTests/circuits/counter/Counter4Bits.v
Generating RTLIL representation for module `\Counter4Bits'.
Successfully finished Verilog frontend.

2. Executing Verilog-2005 frontend: /home/filippo/Desktop/ode4ec/faultTests/circuits/counter/JkFlipFlop.v
Parsing Verilog input from `/home/filippo/Desktop/ode4ec/faultTests/circuits/counter/JkFlipFlop.v' to AST representation.
verilog frontend filename /home/filippo/Desktop/ode4ec/faultTests/circuits/counter/JkFlipFlop.v
Generating RTLIL representation for module `\JkFlipFlop'.
Successfully finished Verilog frontend.

3. Executing SYNTH pass.

3.1. Executing HIERARCHY pass (managing design hierarchy).

3.1.1. Analyzing design hierarchy..
Top module:  \Counter4Bits
Used module:     \JkFlipFlop

3.1.2. Analyzing design hierarchy..
Top module:  \Counter4Bits
Used module:     \JkFlipFlop
Removed 0 unused modules.

3.2. Executing PROC pass (convert processes to netlists).

3.2.1. Executing PROC_CLEAN pass (remove empty switches from decision trees).
Cleaned up 0 empty switches.

3.2.2. Executing PROC_RMDEAD pass (remove dead branches from decision trees).
Marked 4 switch rules as full_case in process $proc$/home/filippo/Desktop/ode4ec/faultTests/circuits/counter/JkFlipFlop.v:11$5 in module JkFlipFlop.
Removed a total of 0 dead cases.

3.2.3. Executing PROC_PRUNE pass (remove redundant assignments in processes).
Removed 1 redundant assignment.
Promoted 0 assignments to connections.

3.2.4. Executing PROC_INIT pass (extract init attributes).

3.2.5. Executing PROC_ARST pass (detect async resets in processes).
Found async reset \rst in `\JkFlipFlop.$proc$/home/filippo/Desktop/ode4ec/faultTests/circuits/counter/JkFlipFlop.v:11$5'.

3.2.6. Executing PROC_ROM pass (convert switches to ROMs).
Converted 0 switches.
<suppressed ~3 debug messages>

3.2.7. Executing PROC_MUX pass (convert decision trees to multiplexers).
Creating decoders for process `\JkFlipFlop.$proc$/home/filippo/Desktop/ode4ec/faultTests/circuits/counter/JkFlipFlop.v:11$5'.
     1/1: $0\Q[0:0]

3.2.8. Executing PROC_DLATCH pass (convert process syncs to latches).

3.2.9. Executing PROC_DFF pass (convert process syncs to FFs).
Creating register for signal `\JkFlipFlop.\Q' using process `\JkFlipFlop.$proc$/home/filippo/Desktop/ode4ec/faultTests/circuits/counter/JkFlipFlop.v:11$5'.
  created $adff cell `$procdff$27' with positive edge clock and positive level reset.

3.2.10. Executing PROC_MEMWR pass (convert process memory writes to cells).

3.2.11. Executing PROC_CLEAN pass (remove empty switches from decision trees).
Found and cleaned up 3 empty switches in `\JkFlipFlop.$proc$/home/filippo/Desktop/ode4ec/faultTests/circuits/counter/JkFlipFlop.v:11$5'.
Removing empty process `JkFlipFlop.$proc$/home/filippo/Desktop/ode4ec/faultTests/circuits/counter/JkFlipFlop.v:11$5'.
Cleaned up 3 empty switches.

3.2.12. Executing OPT_EXPR pass (perform const folding).
Optimizing module JkFlipFlop.
<suppressed ~7 debug messages>
Optimizing module Counter4Bits.

3.3. Executing OPT_EXPR pass (perform const folding).
Optimizing module JkFlipFlop.
Optimizing module Counter4Bits.

3.4. Executing OPT_CLEAN pass (remove unused cells and wires).
Finding unused cells or wires in module \JkFlipFlop..
Finding unused cells or wires in module \Counter4Bits..
Removed 0 unused cells and 10 unused wires.
<suppressed ~2 debug messages>

3.5. Executing CHECK pass (checking for obvious problems).
Checking module Counter4Bits...
Checking module JkFlipFlop...
Found and reported 0 problems.

3.6. Executing OPT pass (performing simple optimizations).

3.6.1. Executing OPT_EXPR pass (perform const folding).
Optimizing module Counter4Bits.
Optimizing module JkFlipFlop.

3.6.2. Executing OPT_MERGE pass (detect identical cells).
Finding identical cells in module `\Counter4Bits'.
<suppressed ~3 debug messages>
Finding identical cells in module `\JkFlipFlop'.
<suppressed ~9 debug messages>
Removed a total of 4 cells.

3.6.3. Executing OPT_MUXTREE pass (detect dead branches in mux trees).
Running muxtree optimizer on module \Counter4Bits..
  Creating internal representation of mux trees.
  No muxes found in this module.
Running muxtree optimizer on module \JkFlipFlop..
  Creating internal representation of mux trees.
  Evaluating internal representation of mux trees.
  Analyzing evaluation results.
Removed 0 multiplexer ports.
<suppressed ~4 debug messages>

3.6.4. Executing OPT_REDUCE pass (consolidate $*mux and $reduce_* inputs).
  Optimizing cells in module \Counter4Bits.
  Optimizing cells in module \JkFlipFlop.
Performed a total of 0 changes.

3.6.5. Executing OPT_MERGE pass (detect identical cells).
Finding identical cells in module `\Counter4Bits'.
Finding identical cells in module `\JkFlipFlop'.
Removed a total of 0 cells.

3.6.6. Executing OPT_DFF pass (perform DFF optimizations).

3.6.7. Executing OPT_CLEAN pass (remove unused cells and wires).
Finding unused cells or wires in module \Counter4Bits..
Finding unused cells or wires in module \JkFlipFlop..
Removed 0 unused cells and 4 unused wires.
<suppressed ~2 debug messages>

3.6.8. Executing OPT_EXPR pass (perform const folding).
Optimizing module Counter4Bits.
Optimizing module JkFlipFlop.

3.6.9. Rerunning OPT passes. (Maybe there is more to do..)

3.6.10. Executing OPT_MUXTREE pass (detect dead branches in mux trees).
Running muxtree optimizer on module \Counter4Bits..
  Creating internal representation of mux trees.
  No muxes found in this module.
Running muxtree optimizer on module \JkFlipFlop..
  Creating internal representation of mux trees.
  Evaluating internal representation of mux trees.
  Analyzing evaluation results.
Removed 0 multiplexer ports.
<suppressed ~4 debug messages>

3.6.11. Executing OPT_REDUCE pass (consolidate $*mux and $reduce_* inputs).
  Optimizing cells in module \Counter4Bits.
  Optimizing cells in module \JkFlipFlop.
Performed a total of 0 changes.

3.6.12. Executing OPT_MERGE pass (detect identical cells).
Finding identical cells in module `\Counter4Bits'.
Finding identical cells in module `\JkFlipFlop'.
Removed a total of 0 cells.

3.6.13. Executing OPT_DFF pass (perform DFF optimizations).

3.6.14. Executing OPT_CLEAN pass (remove unused cells and wires).
Finding unused cells or wires in module \Counter4Bits..
Finding unused cells or wires in module \JkFlipFlop..

3.6.15. Executing OPT_EXPR pass (perform const folding).
Optimizing module Counter4Bits.
Optimizing module JkFlipFlop.

3.6.16. Finished fast OPT passes. (There is nothing left to do.)

3.7. Executing FSM pass (extract and optimize FSM).

3.7.1. Executing FSM_DETECT pass (finding FSMs in design).

3.7.2. Executing FSM_EXTRACT pass (extracting FSM from design).

3.7.3. Executing FSM_OPT pass (simple optimizations of FSMs).

3.7.4. Executing OPT_CLEAN pass (remove unused cells and wires).
Finding unused cells or wires in module \Counter4Bits..
Finding unused cells or wires in module \JkFlipFlop..

3.7.5. Executing FSM_OPT pass (simple optimizations of FSMs).

3.7.6. Executing FSM_RECODE pass (re-assigning FSM state encoding).

3.7.7. Executing FSM_INFO pass (dumping all available information on FSM cells).

3.7.8. Executing FSM_MAP pass (mapping FSMs to basic logic).

3.8. Executing OPT pass (performing simple optimizations).

3.8.1. Executing OPT_EXPR pass (perform const folding).
Optimizing module Counter4Bits.
Optimizing module JkFlipFlop.

3.8.2. Executing OPT_MERGE pass (detect identical cells).
Finding identical cells in module `\Counter4Bits'.
Finding identical cells in module `\JkFlipFlop'.
Removed a total of 0 cells.

3.8.3. Executing OPT_MUXTREE pass (detect dead branches in mux trees).
Running muxtree optimizer on module \Counter4Bits..
  Creating internal representation of mux trees.
  No muxes found in this module.
Running muxtree optimizer on module \JkFlipFlop..
  Creating internal representation of mux trees.
  Evaluating internal representation of mux trees.
  Analyzing evaluation results.
Removed 0 multiplexer ports.
<suppressed ~4 debug messages>

3.8.4. Executing OPT_REDUCE pass (consolidate $*mux and $reduce_* inputs).
  Optimizing cells in module \Counter4Bits.
  Optimizing cells in module \JkFlipFlop.
Performed a total of 0 changes.

3.8.5. Executing OPT_MERGE pass (detect identical cells).
Finding identical cells in module `\Counter4Bits'.
Finding identical cells in module `\JkFlipFlop'.
Removed a total of 0 cells.

3.8.6. Executing OPT_DFF pass (perform DFF optimizations).
Adding EN signal on $procdff$27 ($adff) from module JkFlipFlop (D = $procmux$20_Y, Q = \Q).

3.8.7. Executing OPT_CLEAN pass (remove unused cells and wires).
Finding unused cells or wires in module \Counter4Bits..
Finding unused cells or wires in module \JkFlipFlop..
Removed 1 unused cells and 1 unused wires.
<suppressed ~2 debug messages>

3.8.8. Executing OPT_EXPR pass (perform const folding).
Optimizing module Counter4Bits.
Optimizing module JkFlipFlop.

3.8.9. Rerunning OPT passes. (Maybe there is more to do..)

3.8.10. Executing OPT_MUXTREE pass (detect dead branches in mux trees).
Running muxtree optimizer on module \Counter4Bits..
  Creating internal representation of mux trees.
  No muxes found in this module.
Running muxtree optimizer on module \JkFlipFlop..
  Creating internal representation of mux trees.
  Evaluating internal representation of mux trees.
  Analyzing evaluation results.
Removed 0 multiplexer ports.
<suppressed ~3 debug messages>

3.8.11. Executing OPT_REDUCE pass (consolidate $*mux and $reduce_* inputs).
  Optimizing cells in module \Counter4Bits.
  Optimizing cells in module \JkFlipFlop.
Performed a total of 0 changes.

3.8.12. Executing OPT_MERGE pass (detect identical cells).
Finding identical cells in module `\Counter4Bits'.
Finding identical cells in module `\JkFlipFlop'.
Removed a total of 0 cells.

3.8.13. Executing OPT_DFF pass (perform DFF optimizations).

3.8.14. Executing OPT_CLEAN pass (remove unused cells and wires).
Finding unused cells or wires in module \Counter4Bits..
Finding unused cells or wires in module \JkFlipFlop..

3.8.15. Executing OPT_EXPR pass (perform const folding).
Optimizing module Counter4Bits.
Optimizing module JkFlipFlop.

3.8.16. Finished fast OPT passes. (There is nothing left to do.)

3.9. Executing WREDUCE pass (reducing word size of cells).

3.10. Executing PEEPOPT pass (run peephole optimizers).

3.11. Executing OPT_CLEAN pass (remove unused cells and wires).
Finding unused cells or wires in module \Counter4Bits..
Finding unused cells or wires in module \JkFlipFlop..

3.12. Executing ALUMACC pass (create $alu and $macc cells).
Extracting $alu and $macc cells in module Counter4Bits:
  created 0 $alu and 0 $macc cells.
Extracting $alu and $macc cells in module JkFlipFlop:
  created 0 $alu and 0 $macc cells.

3.13. Executing SHARE pass (SAT-based resource sharing).

3.14. Executing OPT pass (performing simple optimizations).

3.14.1. Executing OPT_EXPR pass (perform const folding).
Optimizing module Counter4Bits.
Optimizing module JkFlipFlop.

3.14.2. Executing OPT_MERGE pass (detect identical cells).
Finding identical cells in module `\Counter4Bits'.
Finding identical cells in module `\JkFlipFlop'.
Removed a total of 0 cells.

3.14.3. Executing OPT_MUXTREE pass (detect dead branches in mux trees).
Running muxtree optimizer on module \Counter4Bits..
  Creating internal representation of mux trees.
  No muxes found in this module.
Running muxtree optimizer on module \JkFlipFlop..
  Creating internal representation of mux trees.
  Evaluating internal representation of mux trees.
  Analyzing evaluation results.
Removed 0 multiplexer ports.
<suppressed ~3 debug messages>

3.14.4. Executing OPT_REDUCE pass (consolidate $*mux and $reduce_* inputs).
  Optimizing cells in module \Counter4Bits.
  Optimizing cells in module \JkFlipFlop.
Performed a total of 0 changes.

3.14.5. Executing OPT_MERGE pass (detect identical cells).
Finding identical cells in module `\Counter4Bits'.
Finding identical cells in module `\JkFlipFlop'.
Removed a total of 0 cells.

3.14.6. Executing OPT_DFF pass (perform DFF optimizations).

3.14.7. Executing OPT_CLEAN pass (remove unused cells and wires).
Finding unused cells or wires in module \Counter4Bits..
Finding unused cells or wires in module \JkFlipFlop..

3.14.8. Executing OPT_EXPR pass (perform const folding).
Optimizing module Counter4Bits.
Optimizing module JkFlipFlop.

3.14.9. Finished fast OPT passes. (There is nothing left to do.)

3.15. Executing MEMORY pass.

3.15.1. Executing OPT_MEM pass (optimize memories).
Performed a total of 0 transformations.

3.15.2. Executing OPT_MEM_PRIORITY pass (removing unnecessary memory write priority relations).
Performed a total of 0 transformations.

3.15.3. Executing OPT_MEM_FEEDBACK pass (finding memory read-to-write feedback paths).

3.15.4. Executing MEMORY_BMUX2ROM pass (converting muxes to ROMs).

3.15.5. Executing MEMORY_DFF pass (merging $dff cells to $memrd).

3.15.6. Executing OPT_CLEAN pass (remove unused cells and wires).
Finding unused cells or wires in module \Counter4Bits..
Finding unused cells or wires in module \JkFlipFlop..

3.15.7. Executing MEMORY_SHARE pass (consolidating $memrd/$memwr cells).

3.15.8. Executing OPT_MEM_WIDEN pass (optimize memories where all ports are wide).
Performed a total of 0 transformations.

3.15.9. Executing OPT_CLEAN pass (remove unused cells and wires).
Finding unused cells or wires in module \Counter4Bits..
Finding unused cells or wires in module \JkFlipFlop..

3.15.10. Executing MEMORY_COLLECT pass (generating $mem cells).

3.16. Executing OPT_CLEAN pass (remove unused cells and wires).
Finding unused cells or wires in module \Counter4Bits..
Finding unused cells or wires in module \JkFlipFlop..

3.17. Executing OPT pass (performing simple optimizations).

3.17.1. Executing OPT_EXPR pass (perform const folding).
Optimizing module Counter4Bits.
Optimizing module JkFlipFlop.
<suppressed ~1 debug messages>

3.17.2. Executing OPT_MERGE pass (detect identical cells).
Finding identical cells in module `\Counter4Bits'.
Finding identical cells in module `\JkFlipFlop'.
Removed a total of 0 cells.

3.17.3. Executing OPT_DFF pass (perform DFF optimizations).

3.17.4. Executing OPT_CLEAN pass (remove unused cells and wires).
Finding unused cells or wires in module \Counter4Bits..
Finding unused cells or wires in module \JkFlipFlop..

3.17.5. Finished fast OPT passes.

3.18. Executing MEMORY_MAP pass (converting memories to logic and flip-flops).

3.19. Executing OPT pass (performing simple optimizations).

3.19.1. Executing OPT_EXPR pass (perform const folding).
Optimizing module Counter4Bits.
Optimizing module JkFlipFlop.

3.19.2. Executing OPT_MERGE pass (detect identical cells).
Finding identical cells in module `\Counter4Bits'.
Finding identical cells in module `\JkFlipFlop'.
Removed a total of 0 cells.

3.19.3. Executing OPT_MUXTREE pass (detect dead branches in mux trees).
Running muxtree optimizer on module \Counter4Bits..
  Creating internal representation of mux trees.
  No muxes found in this module.
Running muxtree optimizer on module \JkFlipFlop..
  Creating internal representation of mux trees.
  Evaluating internal representation of mux trees.
  Analyzing evaluation results.
Removed 0 multiplexer ports.
<suppressed ~2 debug messages>

3.19.4. Executing OPT_REDUCE pass (consolidate $*mux and $reduce_* inputs).
  Optimizing cells in module \Counter4Bits.
  Optimizing cells in module \JkFlipFlop.
Performed a total of 0 changes.

3.19.5. Executing OPT_MERGE pass (detect identical cells).
Finding identical cells in module `\Counter4Bits'.
Finding identical cells in module `\JkFlipFlop'.
Removed a total of 0 cells.

3.19.6. Executing OPT_SHARE pass.

3.19.7. Executing OPT_DFF pass (perform DFF optimizations).

3.19.8. Executing OPT_CLEAN pass (remove unused cells and wires).
Finding unused cells or wires in module \Counter4Bits..
Finding unused cells or wires in module \JkFlipFlop..

3.19.9. Executing OPT_EXPR pass (perform const folding).
Optimizing module Counter4Bits.
Optimizing module JkFlipFlop.

3.19.10. Finished fast OPT passes. (There is nothing left to do.)

3.20. Executing TECHMAP pass (map to technology primitives).

3.20.1. Executing Verilog-2005 frontend: /usr/local/bin/../share/yosys/techmap.v
Parsing Verilog input from `/usr/local/bin/../share/yosys/techmap.v' to AST representation.
verilog frontend filename /usr/local/bin/../share/yosys/techmap.v
Generating RTLIL representation for module `\_90_simplemap_bool_ops'.
Generating RTLIL representation for module `\_90_simplemap_reduce_ops'.
Generating RTLIL representation for module `\_90_simplemap_logic_ops'.
Generating RTLIL representation for module `\_90_simplemap_compare_ops'.
Generating RTLIL representation for module `\_90_simplemap_various'.
Generating RTLIL representation for module `\_90_simplemap_registers'.
Generating RTLIL representation for module `\_90_shift_ops_shr_shl_sshl_sshr'.
Generating RTLIL representation for module `\_90_shift_shiftx'.
Generating RTLIL representation for module `\_90_fa'.
Generating RTLIL representation for module `\_90_lcu_brent_kung'.
Generating RTLIL representation for module `\_90_alu'.
Generating RTLIL representation for module `\_90_macc'.
Generating RTLIL representation for module `\_90_alumacc'.
Generating RTLIL representation for module `\$__div_mod_u'.
Generating RTLIL representation for module `\$__div_mod_trunc'.
Generating RTLIL representation for module `\_90_div'.
Generating RTLIL representation for module `\_90_mod'.
Generating RTLIL representation for module `\$__div_mod_floor'.
Generating RTLIL representation for module `\_90_divfloor'.
Generating RTLIL representation for module `\_90_modfloor'.
Generating RTLIL representation for module `\_90_pow'.
Generating RTLIL representation for module `\_90_pmux'.
Generating RTLIL representation for module `\_90_demux'.
Generating RTLIL representation for module `\_90_lut'.
Generating RTLIL representation for module `\$connect'.
Generating RTLIL representation for module `\$input_port'.
Successfully finished Verilog frontend.

3.20.2. Continuing TECHMAP pass.
Using extmapper simplemap for cells of type $not.
Using extmapper simplemap for cells of type $logic_and.
Using extmapper simplemap for cells of type $adffe.
Using extmapper simplemap for cells of type $or.
Using extmapper simplemap for cells of type $mux.
Using extmapper simplemap for cells of type $and.
No more expansions possible.
<suppressed ~88 debug messages>

3.21. Executing OPT pass (performing simple optimizations).

3.21.1. Executing OPT_EXPR pass (perform const folding).
Optimizing module Counter4Bits.
Optimizing module JkFlipFlop.

3.21.2. Executing OPT_MERGE pass (detect identical cells).
Finding identical cells in module `\Counter4Bits'.
Finding identical cells in module `\JkFlipFlop'.
Removed a total of 0 cells.

3.21.3. Executing OPT_DFF pass (perform DFF optimizations).

3.21.4. Executing OPT_CLEAN pass (remove unused cells and wires).
Finding unused cells or wires in module \Counter4Bits..
Finding unused cells or wires in module \JkFlipFlop..

3.21.5. Finished fast OPT passes.

3.22. Executing ABC pass (technology mapping using ABC).

3.22.1. Extracting gate netlist of module `\Counter4Bits' to `<abc-temp-dir>/input.blif'..

3.22.1.1. Executed ABC.
Extracted 2 gates and 5 wires to a netlist network with 3 inputs and 2 outputs.
Running ABC script: <abc-temp-dir>/abc.script
ABC: UC Berkeley, ABC 1.01 (compiled Oct 10 2025 19:45:01)
ABC: abc 01> empty
ABC: abc 01> source <abc-temp-dir>/abc.script
ABC: + read_blif <abc-temp-dir>/input.blif 
ABC: + read_library /tmp/yosys-abc-B4V4xD/stdcells.genlib 
ABC: + strash 
ABC: + dretime 
ABC: + map 
ABC: + write_blif <abc-temp-dir>/output.blif 

3.22.1.2. Re-integrating ABC results.
ABC RESULTS:               AND cells:        2
ABC RESULTS:        internal signals:        0
ABC RESULTS:           input signals:        3
ABC RESULTS:          output signals:        2
Removing temp directory.

3.22.2. Extracting gate netlist of module `\JkFlipFlop' to `<abc-temp-dir>/input.blif'..

3.22.2.1. Executed ABC.
Extracted 8 gates and 12 wires to a netlist network with 3 inputs and 3 outputs.
Running ABC script: <abc-temp-dir>/abc.script
ABC: UC Berkeley, ABC 1.01 (compiled Oct 10 2025 19:45:01)
ABC: abc 01> empty
ABC: abc 01> source <abc-temp-dir>/abc.script
ABC: + read_blif <abc-temp-dir>/input.blif 
ABC: + read_library /tmp/yosys-abc-B4V4xD/stdcells.genlib 
ABC: + strash 
ABC: + dretime 
ABC: + map 
ABC: + write_blif <abc-temp-dir>/output.blif 

3.22.2.2. Re-integrating ABC results.
ABC RESULTS:            ANDNOT cells:        3
ABC RESULTS:               NOR cells:        1
ABC RESULTS:               NOT cells:        1
ABC RESULTS:                OR cells:        1
ABC RESULTS:        internal signals:        6
ABC RESULTS:           input signals:        3
ABC RESULTS:          output signals:        3
Removing temp directory.
Removing global temp directory.

3.23. Executing OPT pass (performing simple optimizations).

3.23.1. Executing OPT_EXPR pass (perform const folding).
Optimizing module Counter4Bits.
Optimizing module JkFlipFlop.

3.23.2. Executing OPT_MERGE pass (detect identical cells).
Finding identical cells in module `\Counter4Bits'.
Finding identical cells in module `\JkFlipFlop'.
Removed a total of 0 cells.

3.23.3. Executing OPT_DFF pass (perform DFF optimizations).

3.23.4. Executing OPT_CLEAN pass (remove unused cells and wires).
Finding unused cells or wires in module \Counter4Bits..
Finding unused cells or wires in module \JkFlipFlop..
Removed 0 unused cells and 16 unused wires.
<suppressed ~2 debug messages>

3.23.5. Finished fast OPT passes.

3.24. Executing HIERARCHY pass (managing design hierarchy).
Attribute `top' found on module `Counter4Bits'. Setting top module to Counter4Bits.

3.24.1. Analyzing design hierarchy..
Top module:  \Counter4Bits
Used module:     \JkFlipFlop

3.24.2. Analyzing design hierarchy..
Top module:  \Counter4Bits
Used module:     \JkFlipFlop
Removed 0 unused modules.

3.25. Printing statistics.

=== Counter4Bits ===

        +----------Local Count, excluding submodules.
        | 
        6 wires
        9 wire bits
        6 public wires
        9 public wire bits
        3 ports
        6 port bits
        2 cells
        2   $_AND_
        4 submodules
        4   JkFlipFlop

=== JkFlipFlop ===

        +----------Local Count, excluding submodules.
        | 
       11 wires
       11 wire bits
        6 public wires
        6 public wire bits
        6 ports
        6 port bits
        7 cells
        3   $_ANDNOT_
        1   $_DFFE_PP0N_
        1   $_NOR_
        1   $_NOT_
        1   $_OR_

=== design hierarchy ===

        +----------Count including submodules.
        | 
       30 Counter4Bits
        7 JkFlipFlop

        +----------Count including submodules.
        | 
       50 wires
       53 wire bits
       30 public wires
       33 public wire bits
       27 ports
       30 port bits
        - memories
        - memory bits
        - processes
       30 cells
       12   $_ANDNOT_
        2   $_AND_
        4   $_DFFE_PP0N_
        4   $_NOR_
        4   $_NOT_
        4   $_OR_
        4 submodules
        4   JkFlipFlop

3.26. Executing CHECK pass (checking for obvious problems).
Checking module Counter4Bits...
Checking module JkFlipFlop...
Found and reported 0 problems.

4. Executing FLATTEN pass (flatten design).
Deleting now unused module JkFlipFlop.
<suppressed ~4 debug messages>

5. Executing DFFLIBMAP pass (mapping DFF cells to sequential cells from liberty file).
  cell sg13g2_dfrbp_1 (noninv, pins=5, area=47.17) is a direct match for cell type $_DFF_PN0_.
  final dff cell mappings:
    unmapped dff cell: $_DFF_N_
    unmapped dff cell: $_DFF_P_
    unmapped dff cell: $_DFF_NN0_
    unmapped dff cell: $_DFF_NN1_
    unmapped dff cell: $_DFF_NP0_
    unmapped dff cell: $_DFF_NP1_
    \sg13g2_dfrbp_1 _DFF_PN0_ (.CLK( C), .D( D), .Q( Q), .Q_N(~Q), .RESET_B( R));
    unmapped dff cell: $_DFF_PN1_
    unmapped dff cell: $_DFF_PP0_
    unmapped dff cell: $_DFF_PP1_
    unmapped dff cell: $_DFFE_NN_
    unmapped dff cell: $_DFFE_NP_
    unmapped dff cell: $_DFFE_PN_
    unmapped dff cell: $_DFFE_PP_
    unmapped dff cell: $_DFFSR_NNN_
    unmapped dff cell: $_DFFSR_NNP_
    unmapped dff cell: $_DFFSR_NPN_
    unmapped dff cell: $_DFFSR_NPP_
    unmapped dff cell: $_DFFSR_PNN_
    unmapped dff cell: $_DFFSR_PNP_
    unmapped dff cell: $_DFFSR_PPN_
    unmapped dff cell: $_DFFSR_PPP_

5.1. Executing DFFLEGALIZE pass (convert FFs to types supported by the target).
<suppressed ~1 debug messages>
Mapping DFF cells in module `\Counter4Bits':
  mapped 4 $_DFF_PN0_ cells to \sg13g2_dfrbp_1 cells.

6. Executing ABC pass (technology mapping using ABC).

6.1. Extracting gate netlist of module `\Counter4Bits' to `<abc-temp-dir>/input.blif'..

6.1.1. Executed ABC.
Extracted 34 gates and 44 wires to a netlist network with 9 inputs and 8 outputs.
Running ABC script: <abc-temp-dir>/abc.script
ABC: UC Berkeley, ABC 1.01 (compiled Oct 10 2025 19:45:01)
ABC: abc 01> empty
ABC: abc 01> source <abc-temp-dir>/abc.script
ABC: + read_blif <abc-temp-dir>/input.blif 
ABC: + read_lib -w /home/filippo/Desktop/ode4ec/faultTests/synthesizedCircuits/130nm/sg13g2_stdcell_typ_1p20V_25C.lib 
ABC: Parsing finished successfully.  Parsing time =     0.01 sec
ABC: Scl_LibertyReadGenlib() skipped cell "sg13g2_antennanp" due to dont_use attribute.
ABC: Scl_LibertyReadGenlib() skipped cell "sg13g2_decap_4" due to dont_use attribute.
ABC: Scl_LibertyReadGenlib() skipped cell "sg13g2_decap_8" due to dont_use attribute.
ABC: Scl_LibertyReadGenlib() skipped sequential cell "sg13g2_dfrbp_1".
ABC: Scl_LibertyReadGenlib() skipped sequential cell "sg13g2_dfrbp_2".
ABC: Scl_LibertyReadGenlib() skipped sequential cell "sg13g2_dlhq_1".
ABC: Scl_LibertyReadGenlib() skipped sequential cell "sg13g2_dlhr_1".
ABC: Scl_LibertyReadGenlib() skipped sequential cell "sg13g2_dlhrq_1".
ABC: Scl_LibertyReadGenlib() skipped sequential cell "sg13g2_dllr_1".
ABC: Scl_LibertyReadGenlib() skipped sequential cell "sg13g2_dllrq_1".
ABC: Scl_LibertyReadGenlib() skipped three-state cell "sg13g2_ebufn_2".
ABC: Scl_LibertyReadGenlib() skipped three-state cell "sg13g2_ebufn_4".
ABC: Scl_LibertyReadGenlib() skipped three-state cell "sg13g2_ebufn_8".
ABC: Scl_LibertyReadGenlib() skipped three-state cell "sg13g2_einvn_2".
ABC: Scl_LibertyReadGenlib() skipped three-state cell "sg13g2_einvn_4".
ABC: Scl_LibertyReadGenlib() skipped three-state cell "sg13g2_einvn_8".
ABC: Scl_LibertyReadGenlib() skipped cell "sg13g2_fill_1" due to dont_use attribute.
ABC: Scl_LibertyReadGenlib() skipped cell "sg13g2_fill_2" due to dont_use attribute.
ABC: Scl_LibertyReadGenlib() skipped cell "sg13g2_fill_4" due to dont_use attribute.
ABC: Scl_LibertyReadGenlib() skipped cell "sg13g2_fill_8" due to dont_use attribute.
ABC: Scl_LibertyReadGenlib() skipped cell "sg13g2_lgcp_1" due to dont_use attribute.
ABC: Scl_LibertyReadGenlib() skipped sequential cell "sg13g2_sdfbbp_1".
ABC: Scl_LibertyReadGenlib() skipped cell "sg13g2_sighold" due to dont_use attribute.
ABC: Scl_LibertyReadGenlib() skipped cell "sg13g2_slgcp_1" due to dont_use attribute.
ABC: Library "sg13g2_stdcell_typ_1p20V_25C" from "/home/filippo/Desktop/ode4ec/faultTests/synthesizedCircuits/130nm/sg13g2_stdcell_typ_1p20V_25C.lib" has 54 cells (24 skipped: 8 seq; 6 tri-state; 0 no func; 10 dont_use; 0 with 2 outputs; 0 with 3+ outputs).  Time =     0.01 sec
ABC: Memory =    2.41 MB. Time =     0.01 sec
ABC: + strash 
ABC: + &get -n 
ABC: + &fraig -x 
ABC: + &put 
ABC: + scorr 
ABC: Warning: The network is combinational (run "fraig" or "fraig_sweep").
ABC: + dc2 
ABC: + dretime 
ABC: + strash 
ABC: + &get -n 
ABC: + &dch -f 
ABC: + &nf 
ABC: + &put 
ABC: + write_blif <abc-temp-dir>/output.blif 

6.1.2. Re-integrating ABC results.
ABC RESULTS:      sg13g2_buf_1 cells:        1
ABC RESULTS:      sg13g2_inv_1 cells:        4
ABC RESULTS:     sg13g2_mux2_1 cells:        3
ABC RESULTS:    sg13g2_nand2_1 cells:        1
ABC RESULTS:    sg13g2_nand3_1 cells:        1
ABC RESULTS:        internal signals:       27
ABC RESULTS:           input signals:        9
ABC RESULTS:          output signals:        8
Removing temp directory.
Removing global temp directory.
Removed 0 unused cells and 45 unused wires.

7. Executing Verilog backend.

7.1. Executing BMUXMAP pass.

7.2. Executing DEMUXMAP pass.
Dumping module `\Counter4Bits'.

End of script. Logfile hash: d7b48d2b7f, CPU: user 0.04s system 0.00s, MEM: 18.95 MB peak
Yosys 0.58+35 (git sha1 9a12d9255, clang++ 18.1.3 -fPIC -O3)
Time spent: 74% 2x abc (0 sec), 6% 15x opt_expr (0 sec), ...
