
 /----------------------------------------------------------------------------\
 |  yosys -- Yosys Open SYnthesis Suite                                       |
 |  Copyright (C) 2012 - 2025  Claire Xenia Wolf <claire@yosyshq.com>         |
 |  Distributed under an ISC-like license, type "license" to see terms        |
 \----------------------------------------------------------------------------/
 Yosys 0.57+263 (git sha1 637665c9d, g++ 13.3.0-6ubuntu2~24.04 -fPIC -O3)

-- Executing script file `/home/bellee21/progettoEDA/proveSintesi/ITC99/b01/b01_synth.ys' --

1. Executing Verilog-2005 frontend: /home/bellee21/progettoEDA/proveSintesi/ITC99/b01/b01.v
Parsing Verilog input from `/home/bellee21/progettoEDA/proveSintesi/ITC99/b01/b01.v' to AST representation.
verilog frontend filename /home/bellee21/progettoEDA/proveSintesi/ITC99/b01/b01.v
Generating RTLIL representation for module `\b01'.
Successfully finished Verilog frontend.

2. Executing HIERARCHY pass (managing design hierarchy).

2.1. Analyzing design hierarchy..
Top module:  \b01

2.2. Analyzing design hierarchy..
Top module:  \b01
Removed 0 unused modules.

3. Executing SYNTH pass.

3.1. Executing HIERARCHY pass (managing design hierarchy).

3.1.1. Analyzing design hierarchy..
Top module:  \b01

3.1.2. Analyzing design hierarchy..
Top module:  \b01
Removed 0 unused modules.

3.2. Executing PROC pass (convert processes to netlists).

3.2.1. Executing PROC_CLEAN pass (remove empty switches from decision trees).
Cleaned up 0 empty switches.

3.2.2. Executing PROC_RMDEAD pass (remove dead branches from decision trees).
Marked 10 switch rules as full_case in process $proc$/home/bellee21/progettoEDA/proveSintesi/ITC99/b01/b01.v:23$1 in module b01.
Removed a total of 0 dead cases.

3.2.3. Executing PROC_PRUNE pass (remove redundant assignments in processes).
Removed 3 redundant assignments.
Promoted 0 assignments to connections.

3.2.4. Executing PROC_INIT pass (extract init attributes).

3.2.5. Executing PROC_ARST pass (detect async resets in processes).
Found async reset \reset in `\b01.$proc$/home/bellee21/progettoEDA/proveSintesi/ITC99/b01/b01.v:23$1'.

3.2.6. Executing PROC_ROM pass (convert switches to ROMs).
Converted 0 switches.
<suppressed ~9 debug messages>

3.2.7. Executing PROC_MUX pass (convert decision trees to multiplexers).
Creating decoders for process `\b01.$proc$/home/bellee21/progettoEDA/proveSintesi/ITC99/b01/b01.v:23$1'.
     1/3: $0\stato[2:0]
     2/3: $0\overflw[0:0]
     3/3: $0\outp[0:0]

3.2.8. Executing PROC_DLATCH pass (convert process syncs to latches).

3.2.9. Executing PROC_DFF pass (convert process syncs to FFs).
Creating register for signal `\b01.\outp' using process `\b01.$proc$/home/bellee21/progettoEDA/proveSintesi/ITC99/b01/b01.v:23$1'.
  created $adff cell `$procdff$91' with positive edge clock and positive level reset.
Creating register for signal `\b01.\overflw' using process `\b01.$proc$/home/bellee21/progettoEDA/proveSintesi/ITC99/b01/b01.v:23$1'.
  created $adff cell `$procdff$94' with positive edge clock and positive level reset.
Creating register for signal `\b01.\stato' using process `\b01.$proc$/home/bellee21/progettoEDA/proveSintesi/ITC99/b01/b01.v:23$1'.
  created $adff cell `$procdff$97' with positive edge clock and positive level reset.

3.2.10. Executing PROC_MEMWR pass (convert process memory writes to cells).

3.2.11. Executing PROC_CLEAN pass (remove empty switches from decision trees).
Found and cleaned up 9 empty switches in `\b01.$proc$/home/bellee21/progettoEDA/proveSintesi/ITC99/b01/b01.v:23$1'.
Removing empty process `b01.$proc$/home/bellee21/progettoEDA/proveSintesi/ITC99/b01/b01.v:23$1'.
Cleaned up 9 empty switches.

3.2.12. Executing OPT_EXPR pass (perform const folding).
Optimizing module b01.
<suppressed ~23 debug messages>

3.3. Executing OPT_EXPR pass (perform const folding).
Optimizing module b01.

3.4. Executing OPT_CLEAN pass (remove unused cells and wires).
Finding unused cells or wires in module \b01..
Removed 0 unused cells and 31 unused wires.
<suppressed ~1 debug messages>

3.5. Executing CHECK pass (checking for obvious problems).
Checking module b01...
Found and reported 0 problems.

3.6. Executing OPT pass (performing simple optimizations).

3.6.1. Executing OPT_EXPR pass (perform const folding).
Optimizing module b01.

3.6.2. Executing OPT_MERGE pass (detect identical cells).
Finding identical cells in module `\b01'.
<suppressed ~93 debug messages>
Removed a total of 31 cells.

3.6.3. Executing OPT_MUXTREE pass (detect dead branches in mux trees).
Running muxtree optimizer on module \b01..
  Creating internal representation of mux trees.
  Evaluating internal representation of mux trees.
  Analyzing evaluation results.
Removed 0 multiplexer ports.
<suppressed ~14 debug messages>

3.6.4. Executing OPT_REDUCE pass (consolidate $*mux and $reduce_* inputs).
  Optimizing cells in module \b01.
    New ctrl vector for $pmux cell $procmux$71: { $procmux$66_CMP $auto$opt_reduce.cc:137:opt_pmux$99 }
    New ctrl vector for $pmux cell $procmux$80: { $auto$opt_reduce.cc:137:opt_pmux$103 $auto$opt_reduce.cc:137:opt_pmux$101 }
  Optimizing cells in module \b01.
Performed a total of 2 changes.

3.6.5. Executing OPT_MERGE pass (detect identical cells).
Finding identical cells in module `\b01'.
<suppressed ~3 debug messages>
Removed a total of 1 cells.

3.6.6. Executing OPT_DFF pass (perform DFF optimizations).

3.6.7. Executing OPT_CLEAN pass (remove unused cells and wires).
Finding unused cells or wires in module \b01..
Removed 0 unused cells and 32 unused wires.
<suppressed ~1 debug messages>

3.6.8. Executing OPT_EXPR pass (perform const folding).
Optimizing module b01.

3.6.9. Rerunning OPT passes. (Maybe there is more to do..)

3.6.10. Executing OPT_MUXTREE pass (detect dead branches in mux trees).
Running muxtree optimizer on module \b01..
  Creating internal representation of mux trees.
  Evaluating internal representation of mux trees.
  Analyzing evaluation results.
Removed 0 multiplexer ports.
<suppressed ~14 debug messages>

3.6.11. Executing OPT_REDUCE pass (consolidate $*mux and $reduce_* inputs).
  Optimizing cells in module \b01.
    New ctrl vector for $pmux cell $procmux$41: { $auto$opt_reduce.cc:137:opt_pmux$105 $procmux$62_CMP $procmux$58_CMP $procmux$54_CMP $procmux$50_CMP $procmux$46_CMP $procmux$42_CMP }
  Optimizing cells in module \b01.
Performed a total of 1 changes.

3.6.12. Executing OPT_MERGE pass (detect identical cells).
Finding identical cells in module `\b01'.
Removed a total of 0 cells.

3.6.13. Executing OPT_DFF pass (perform DFF optimizations).

3.6.14. Executing OPT_CLEAN pass (remove unused cells and wires).
Finding unused cells or wires in module \b01..

3.6.15. Executing OPT_EXPR pass (perform const folding).
Optimizing module b01.

3.6.16. Rerunning OPT passes. (Maybe there is more to do..)

3.6.17. Executing OPT_MUXTREE pass (detect dead branches in mux trees).
Running muxtree optimizer on module \b01..
  Creating internal representation of mux trees.
  Evaluating internal representation of mux trees.
  Analyzing evaluation results.
Removed 0 multiplexer ports.
<suppressed ~13 debug messages>

3.6.18. Executing OPT_REDUCE pass (consolidate $*mux and $reduce_* inputs).
  Optimizing cells in module \b01.
Performed a total of 0 changes.

3.6.19. Executing OPT_MERGE pass (detect identical cells).
Finding identical cells in module `\b01'.
Removed a total of 0 cells.

3.6.20. Executing OPT_DFF pass (perform DFF optimizations).

3.6.21. Executing OPT_CLEAN pass (remove unused cells and wires).
Finding unused cells or wires in module \b01..

3.6.22. Executing OPT_EXPR pass (perform const folding).
Optimizing module b01.

3.6.23. Finished fast OPT passes. (There is nothing left to do.)

3.7. Executing FSM pass (extract and optimize FSM).

3.7.1. Executing FSM_DETECT pass (finding FSMs in design).
Not marking b01.stato as FSM state register:
    Circuit seems to be self-resetting.

3.7.2. Executing FSM_EXTRACT pass (extracting FSM from design).

3.7.3. Executing FSM_OPT pass (simple optimizations of FSMs).

3.7.4. Executing OPT_CLEAN pass (remove unused cells and wires).
Finding unused cells or wires in module \b01..

3.7.5. Executing FSM_OPT pass (simple optimizations of FSMs).

3.7.6. Executing FSM_RECODE pass (re-assigning FSM state encoding).

3.7.7. Executing FSM_INFO pass (dumping all available information on FSM cells).

3.7.8. Executing FSM_MAP pass (mapping FSMs to basic logic).

3.8. Executing OPT pass (performing simple optimizations).

3.8.1. Executing OPT_EXPR pass (perform const folding).
Optimizing module b01.

3.8.2. Executing OPT_MERGE pass (detect identical cells).
Finding identical cells in module `\b01'.
Removed a total of 0 cells.

3.8.3. Executing OPT_MUXTREE pass (detect dead branches in mux trees).
Running muxtree optimizer on module \b01..
  Creating internal representation of mux trees.
  Evaluating internal representation of mux trees.
  Analyzing evaluation results.
Removed 0 multiplexer ports.
<suppressed ~13 debug messages>

3.8.4. Executing OPT_REDUCE pass (consolidate $*mux and $reduce_* inputs).
  Optimizing cells in module \b01.
Performed a total of 0 changes.

3.8.5. Executing OPT_MERGE pass (detect identical cells).
Finding identical cells in module `\b01'.
Removed a total of 0 cells.

3.8.6. Executing OPT_DFF pass (perform DFF optimizations).

3.8.7. Executing OPT_CLEAN pass (remove unused cells and wires).
Finding unused cells or wires in module \b01..

3.8.8. Executing OPT_EXPR pass (perform const folding).
Optimizing module b01.

3.8.9. Finished fast OPT passes. (There is nothing left to do.)

3.9. Executing WREDUCE pass (reducing word size of cells).
Removed top 1 bits (of 3) from mux cell b01.$procmux$39 ($mux).
Removed top 1 bits (of 3) from mux cell b01.$procmux$44 ($mux).
Removed top 2 bits (of 3) from mux cell b01.$procmux$48 ($mux).
Removed top 2 bits (of 3) from mux cell b01.$procmux$52 ($mux).
Removed top 1 bits (of 3) from port B of cell b01.$procmux$54_CMP0 ($eq).
Removed top 2 bits (of 3) from port B of cell b01.$procmux$62_CMP0 ($eq).
Removed top 1 bits (of 3) from port B of cell b01.$procmux$66_CMP0 ($eq).
Removed top 1 bits (of 3) from wire b01.$procmux$39_Y.
Removed top 1 bits (of 3) from wire b01.$procmux$44_Y.
Removed top 2 bits (of 3) from wire b01.$procmux$48_Y.
Removed top 2 bits (of 3) from wire b01.$procmux$52_Y.

3.10. Executing PEEPOPT pass (run peephole optimizers).

3.11. Executing OPT_CLEAN pass (remove unused cells and wires).
Finding unused cells or wires in module \b01..
Removed 0 unused cells and 4 unused wires.
<suppressed ~1 debug messages>

3.12. Executing ALUMACC pass (create $alu and $macc cells).
Extracting $alu and $macc cells in module b01:
  created 0 $alu and 0 $macc cells.

3.13. Executing SHARE pass (SAT-based resource sharing).

3.14. Executing OPT pass (performing simple optimizations).

3.14.1. Executing OPT_EXPR pass (perform const folding).
Optimizing module b01.

3.14.2. Executing OPT_MERGE pass (detect identical cells).
Finding identical cells in module `\b01'.
Removed a total of 0 cells.

3.14.3. Executing OPT_MUXTREE pass (detect dead branches in mux trees).
Running muxtree optimizer on module \b01..
  Creating internal representation of mux trees.
  Evaluating internal representation of mux trees.
  Analyzing evaluation results.
Removed 0 multiplexer ports.
<suppressed ~13 debug messages>

3.14.4. Executing OPT_REDUCE pass (consolidate $*mux and $reduce_* inputs).
  Optimizing cells in module \b01.
Performed a total of 0 changes.

3.14.5. Executing OPT_MERGE pass (detect identical cells).
Finding identical cells in module `\b01'.
Removed a total of 0 cells.

3.14.6. Executing OPT_DFF pass (perform DFF optimizations).

3.14.7. Executing OPT_CLEAN pass (remove unused cells and wires).
Finding unused cells or wires in module \b01..

3.14.8. Executing OPT_EXPR pass (perform const folding).
Optimizing module b01.

3.14.9. Finished fast OPT passes. (There is nothing left to do.)

3.15. Executing MEMORY pass.

3.15.1. Executing OPT_MEM pass (optimize memories).
Performed a total of 0 transformations.

3.15.2. Executing OPT_MEM_PRIORITY pass (removing unnecessary memory write priority relations).
Performed a total of 0 transformations.

3.15.3. Executing OPT_MEM_FEEDBACK pass (finding memory read-to-write feedback paths).

3.15.4. Executing MEMORY_BMUX2ROM pass (converting muxes to ROMs).

3.15.5. Executing MEMORY_DFF pass (merging $dff cells to $memrd).

3.15.6. Executing OPT_CLEAN pass (remove unused cells and wires).
Finding unused cells or wires in module \b01..

3.15.7. Executing MEMORY_SHARE pass (consolidating $memrd/$memwr cells).

3.15.8. Executing OPT_MEM_WIDEN pass (optimize memories where all ports are wide).
Performed a total of 0 transformations.

3.15.9. Executing OPT_CLEAN pass (remove unused cells and wires).
Finding unused cells or wires in module \b01..

3.15.10. Executing MEMORY_COLLECT pass (generating $mem cells).

3.16. Executing OPT_CLEAN pass (remove unused cells and wires).
Finding unused cells or wires in module \b01..

3.17. Executing OPT pass (performing simple optimizations).

3.17.1. Executing OPT_EXPR pass (perform const folding).
Optimizing module b01.
<suppressed ~6 debug messages>

3.17.2. Executing OPT_MERGE pass (detect identical cells).
Finding identical cells in module `\b01'.
Removed a total of 0 cells.

3.17.3. Executing OPT_DFF pass (perform DFF optimizations).

3.17.4. Executing OPT_CLEAN pass (remove unused cells and wires).
Finding unused cells or wires in module \b01..
Removed 3 unused cells and 5 unused wires.
<suppressed ~4 debug messages>

3.17.5. Finished fast OPT passes.

3.18. Executing MEMORY_MAP pass (converting memories to logic and flip-flops).

3.19. Executing OPT pass (performing simple optimizations).

3.19.1. Executing OPT_EXPR pass (perform const folding).
Optimizing module b01.

3.19.2. Executing OPT_MERGE pass (detect identical cells).
Finding identical cells in module `\b01'.
Removed a total of 0 cells.

3.19.3. Executing OPT_MUXTREE pass (detect dead branches in mux trees).
Running muxtree optimizer on module \b01..
  Creating internal representation of mux trees.
  Evaluating internal representation of mux trees.
  Analyzing evaluation results.
Removed 0 multiplexer ports.
<suppressed ~9 debug messages>

3.19.4. Executing OPT_REDUCE pass (consolidate $*mux and $reduce_* inputs).
  Optimizing cells in module \b01.
    Consolidated identical input bits for $mux cell $procmux$39:
      Old ports: A=2'00, B=2'11, Y=$auto$wreduce.cc:514:run$106 [1:0]
      New ports: A=1'0, B=1'1, Y=$auto$wreduce.cc:514:run$106 [0]
      New connections: $auto$wreduce.cc:514:run$106 [1] = $auto$wreduce.cc:514:run$106 [0]
    Consolidated identical input bits for $mux cell $procmux$44:
      Old ports: A=2'00, B=2'11, Y=$auto$wreduce.cc:514:run$107 [1:0]
      New ports: A=1'0, B=1'1, Y=$auto$wreduce.cc:514:run$107 [0]
      New connections: $auto$wreduce.cc:514:run$107 [1] = $auto$wreduce.cc:514:run$107 [0]
    Consolidated identical input bits for $mux cell $procmux$56:
      Old ports: A=3'010, B=3'101, Y=$procmux$56_Y
      New ports: A=2'10, B=2'01, Y=$procmux$56_Y [1:0]
      New connections: $procmux$56_Y [2] = $procmux$56_Y [0]
    Consolidated identical input bits for $mux cell $procmux$60:
      Old ports: A=3'010, B=3'101, Y=$procmux$60_Y
      New ports: A=2'10, B=2'01, Y=$procmux$60_Y [1:0]
      New connections: $procmux$60_Y [2] = $procmux$60_Y [0]
    Consolidated identical input bits for $mux cell $procmux$68:
      Old ports: A=3'001, B=3'100, Y=$procmux$64_Y
      New ports: A=2'01, B=2'10, Y={ $procmux$64_Y [2] $procmux$64_Y [0] }
      New connections: $procmux$64_Y [1] = 1'0
  Optimizing cells in module \b01.
Performed a total of 5 changes.

3.19.5. Executing OPT_MERGE pass (detect identical cells).
Finding identical cells in module `\b01'.
Removed a total of 0 cells.

3.19.6. Executing OPT_SHARE pass.

3.19.7. Executing OPT_DFF pass (perform DFF optimizations).

3.19.8. Executing OPT_CLEAN pass (remove unused cells and wires).
Finding unused cells or wires in module \b01..

3.19.9. Executing OPT_EXPR pass (perform const folding).
Optimizing module b01.
<suppressed ~2 debug messages>

3.19.10. Rerunning OPT passes. (Maybe there is more to do..)

3.19.11. Executing OPT_MUXTREE pass (detect dead branches in mux trees).
Running muxtree optimizer on module \b01..
  Creating internal representation of mux trees.
  Evaluating internal representation of mux trees.
  Analyzing evaluation results.
Removed 0 multiplexer ports.
<suppressed ~7 debug messages>

3.19.12. Executing OPT_REDUCE pass (consolidate $*mux and $reduce_* inputs).
  Optimizing cells in module \b01.
Performed a total of 0 changes.

3.19.13. Executing OPT_MERGE pass (detect identical cells).
Finding identical cells in module `\b01'.
Removed a total of 0 cells.

3.19.14. Executing OPT_SHARE pass.

3.19.15. Executing OPT_DFF pass (perform DFF optimizations).

3.19.16. Executing OPT_CLEAN pass (remove unused cells and wires).
Finding unused cells or wires in module \b01..
Removed 0 unused cells and 2 unused wires.
<suppressed ~1 debug messages>

3.19.17. Executing OPT_EXPR pass (perform const folding).
Optimizing module b01.

3.19.18. Rerunning OPT passes. (Maybe there is more to do..)

3.19.19. Executing OPT_MUXTREE pass (detect dead branches in mux trees).
Running muxtree optimizer on module \b01..
  Creating internal representation of mux trees.
  Evaluating internal representation of mux trees.
  Analyzing evaluation results.
Removed 0 multiplexer ports.
<suppressed ~7 debug messages>

3.19.20. Executing OPT_REDUCE pass (consolidate $*mux and $reduce_* inputs).
  Optimizing cells in module \b01.
Performed a total of 0 changes.

3.19.21. Executing OPT_MERGE pass (detect identical cells).
Finding identical cells in module `\b01'.
Removed a total of 0 cells.

3.19.22. Executing OPT_SHARE pass.

3.19.23. Executing OPT_DFF pass (perform DFF optimizations).

3.19.24. Executing OPT_CLEAN pass (remove unused cells and wires).
Finding unused cells or wires in module \b01..

3.19.25. Executing OPT_EXPR pass (perform const folding).
Optimizing module b01.

3.19.26. Finished fast OPT passes. (There is nothing left to do.)

3.20. Executing TECHMAP pass (map to technology primitives).

3.20.1. Executing Verilog-2005 frontend: /usr/local/bin/../share/yosys/techmap.v
Parsing Verilog input from `/usr/local/bin/../share/yosys/techmap.v' to AST representation.
verilog frontend filename /usr/local/bin/../share/yosys/techmap.v
Generating RTLIL representation for module `\_90_simplemap_bool_ops'.
Generating RTLIL representation for module `\_90_simplemap_reduce_ops'.
Generating RTLIL representation for module `\_90_simplemap_logic_ops'.
Generating RTLIL representation for module `\_90_simplemap_compare_ops'.
Generating RTLIL representation for module `\_90_simplemap_various'.
Generating RTLIL representation for module `\_90_simplemap_registers'.
Generating RTLIL representation for module `\_90_shift_ops_shr_shl_sshl_sshr'.
Generating RTLIL representation for module `\_90_shift_shiftx'.
Generating RTLIL representation for module `\_90_fa'.
Generating RTLIL representation for module `\_90_lcu_brent_kung'.
Generating RTLIL representation for module `\_90_alu'.
Generating RTLIL representation for module `\_90_macc'.
Generating RTLIL representation for module `\_90_alumacc'.
Generating RTLIL representation for module `\$__div_mod_u'.
Generating RTLIL representation for module `\$__div_mod_trunc'.
Generating RTLIL representation for module `\_90_div'.
Generating RTLIL representation for module `\_90_mod'.
Generating RTLIL representation for module `\$__div_mod_floor'.
Generating RTLIL representation for module `\_90_divfloor'.
Generating RTLIL representation for module `\_90_modfloor'.
Generating RTLIL representation for module `\_90_pow'.
Generating RTLIL representation for module `\_90_pmux'.
Generating RTLIL representation for module `\_90_demux'.
Generating RTLIL representation for module `\_90_lut'.
Generating RTLIL representation for module `\$connect'.
Generating RTLIL representation for module `\$input_port'.
Successfully finished Verilog frontend.

3.20.2. Continuing TECHMAP pass.
Using extmapper simplemap for cells of type $logic_and.
Using extmapper simplemap for cells of type $reduce_or.
Using extmapper simplemap for cells of type $logic_or.
Using extmapper simplemap for cells of type $xor.
Using extmapper simplemap for cells of type $not.
Using extmapper simplemap for cells of type $eq.
Using template $paramod$57f63e8a3282e053be0430389b09fa050ac7dca0\_90_pmux for cells of type $pmux.
Using extmapper simplemap for cells of type $mux.
Using extmapper simplemap for cells of type $logic_not.
Using extmapper simplemap for cells of type $adff.
Using extmapper simplemap for cells of type $and.
No more expansions possible.
<suppressed ~123 debug messages>

3.21. Executing OPT pass (performing simple optimizations).

3.21.1. Executing OPT_EXPR pass (perform const folding).
Optimizing module b01.
<suppressed ~29 debug messages>

3.21.2. Executing OPT_MERGE pass (detect identical cells).
Finding identical cells in module `\b01'.
<suppressed ~69 debug messages>
Removed a total of 23 cells.

3.21.3. Executing OPT_DFF pass (perform DFF optimizations).

3.21.4. Executing OPT_CLEAN pass (remove unused cells and wires).
Finding unused cells or wires in module \b01..
Removed 0 unused cells and 56 unused wires.
<suppressed ~1 debug messages>

3.21.5. Finished fast OPT passes.

3.22. Executing ABC pass (technology mapping using ABC).

3.22.1. Extracting gate netlist of module `\b01' to `<abc-temp-dir>/input.blif'..

3.22.1.1. Executed ABC.
Extracted 58 gates and 64 wires to a netlist network with 5 inputs and 5 outputs.
Running ABC script: <abc-temp-dir>/abc.script
ABC: UC Berkeley, ABC 1.01 (compiled Oct  4 2025 16:38:49)
ABC: abc 01> empty
ABC: abc 01> source <abc-temp-dir>/abc.script
ABC: + read_blif <abc-temp-dir>/input.blif 
ABC: + read_library /tmp/yosys-abc-hIwvLb/stdcells.genlib 
ABC: + strash 
ABC: + dretime 
ABC: + map 
ABC: + write_blif <abc-temp-dir>/output.blif 

3.22.1.2. Re-integrating ABC results.
ABC RESULTS:               AND cells:        2
ABC RESULTS:            ANDNOT cells:       15
ABC RESULTS:               MUX cells:        3
ABC RESULTS:              NAND cells:        1
ABC RESULTS:               NOR cells:        3
ABC RESULTS:               NOT cells:        3
ABC RESULTS:                OR cells:       12
ABC RESULTS:             ORNOT cells:        5
ABC RESULTS:              XNOR cells:        1
ABC RESULTS:               XOR cells:        1
ABC RESULTS:        internal signals:       54
ABC RESULTS:           input signals:        5
ABC RESULTS:          output signals:        5
Removing temp directory.
Removing global temp directory.

3.23. Executing OPT pass (performing simple optimizations).

3.23.1. Executing OPT_EXPR pass (perform const folding).
Optimizing module b01.

3.23.2. Executing OPT_MERGE pass (detect identical cells).
Finding identical cells in module `\b01'.
Removed a total of 0 cells.

3.23.3. Executing OPT_DFF pass (perform DFF optimizations).

3.23.4. Executing OPT_CLEAN pass (remove unused cells and wires).
Finding unused cells or wires in module \b01..
Removed 0 unused cells and 43 unused wires.
<suppressed ~1 debug messages>

3.23.5. Finished fast OPT passes.

3.24. Executing HIERARCHY pass (managing design hierarchy).
Attribute `top' found on module `b01'. Setting top module to b01.

3.24.1. Analyzing design hierarchy..
Top module:  \b01

3.24.2. Analyzing design hierarchy..
Top module:  \b01
Removed 0 unused modules.

3.25. Printing statistics.

=== b01 ===

        +----------Local Count, excluding submodules.
        | 
       51 wires
       55 wire bits
        7 public wires
        9 public wire bits
        6 ports
        6 port bits
       51 cells
       15   $_ANDNOT_
        2   $_AND_
        5   $_DFF_PP0_
        3   $_MUX_
        1   $_NAND_
        3   $_NOR_
        3   $_NOT_
        5   $_ORNOT_
       12   $_OR_
        1   $_XNOR_
        1   $_XOR_

3.26. Executing CHECK pass (checking for obvious problems).
Checking module b01...
Found and reported 0 problems.

4. Executing SPLITNETS pass (splitting up multi-bit signals).

5. Executing OPT_CLEAN pass (remove unused cells and wires).
Finding unused cells or wires in module \b01..

6. Executing DFFLIBMAP pass (mapping DFF cells to sequential cells from liberty file).
  cell DFFRNQ_X1 (noninv, pins=4, area=1.28) is a direct match for cell type $_DFF_PN0_.
  cell DFFSNQ_X1 (noninv, pins=4, area=1.28) is a direct match for cell type $_DFF_PN1_.
  final dff cell mappings:
    unmapped dff cell: $_DFF_N_
    unmapped dff cell: $_DFF_P_
    unmapped dff cell: $_DFF_NN0_
    unmapped dff cell: $_DFF_NN1_
    unmapped dff cell: $_DFF_NP0_
    unmapped dff cell: $_DFF_NP1_
    \DFFRNQ_X1 _DFF_PN0_ (.CLK( C), .D( D), .Q( Q), .RN( R));
    \DFFSNQ_X1 _DFF_PN1_ (.CLK( C), .D( D), .Q( Q), .SN( R));
    unmapped dff cell: $_DFF_PP0_
    unmapped dff cell: $_DFF_PP1_
    unmapped dff cell: $_DFFE_NN_
    unmapped dff cell: $_DFFE_NP_
    unmapped dff cell: $_DFFE_PN_
    unmapped dff cell: $_DFFE_PP_
    unmapped dff cell: $_DFFSR_NNN_
    unmapped dff cell: $_DFFSR_NNP_
    unmapped dff cell: $_DFFSR_NPN_
    unmapped dff cell: $_DFFSR_NPP_
    unmapped dff cell: $_DFFSR_PNN_
    unmapped dff cell: $_DFFSR_PNP_
    unmapped dff cell: $_DFFSR_PPN_
    unmapped dff cell: $_DFFSR_PPP_

6.1. Executing DFFLEGALIZE pass (convert FFs to types supported by the target).
<suppressed ~2 debug messages>
Mapping DFF cells in module `\b01':
  mapped 5 $_DFF_PN0_ cells to \DFFRNQ_X1 cells.

7. Executing ABC pass (technology mapping using ABC).

7.1. Extracting gate netlist of module `\b01' to `<abc-temp-dir>/input.blif'..

7.1.1. Executed ABC.
Extracted 51 gates and 57 wires to a netlist network with 6 inputs and 10 outputs.
Running ABC script: <abc-temp-dir>/abc.script
ABC: UC Berkeley, ABC 1.01 (compiled Oct  4 2025 16:38:49)
ABC: abc 01> empty
ABC: abc 01> source <abc-temp-dir>/abc.script
ABC: + read_blif <abc-temp-dir>/input.blif 
ABC: + read_lib -w /home/bellee21/progettoEDA/proveSintesi/Syn_libraries/15nm/CCS/NanGate_15nm_OCL_typical_conditional_ccs.lib 
ABC: Parsing finished successfully.  Parsing time =     0.76 sec
ABC: Scl_LibertyReadGenlib() skipped cell "ANTENNA" due to dont_use attribute.
ABC: Scl_LibertyReadGenlib() skipped cell "CLKGATETST_X1" without logic function.
ABC: Scl_LibertyReadGenlib() skipped sequential cell "DFFRNQ_X1".
ABC: Scl_LibertyReadGenlib() skipped sequential cell "DFFSNQ_X1".
ABC: Scl_LibertyReadGenlib() skipped cell "FILLTIE" due to dont_use attribute.
ABC: Scl_LibertyReadGenlib() skipped cell "FILL_X1" due to dont_use attribute.
ABC: Scl_LibertyReadGenlib() skipped cell "FILL_X2" due to dont_use attribute.
ABC: Scl_LibertyReadGenlib() skipped cell "FILL_X4" due to dont_use attribute.
ABC: Scl_LibertyReadGenlib() skipped cell "FILL_X8" due to dont_use attribute.
ABC: Scl_LibertyReadGenlib() skipped cell "FILL_X16" due to dont_use attribute.
ABC: Scl_LibertyReadGenlib() skipped sequential cell "LHQ_X1".
ABC: Scl_LibertyReadGenlib() skipped sequential cell "SDFFRNQ_X1".
ABC: Scl_LibertyReadGenlib() skipped sequential cell "SDFFSNQ_X1".
ABC: Scl_LibertyReadGenlib() skipped three-state cell "TBUF_X1".
ABC: Scl_LibertyReadGenlib() skipped three-state cell "TBUF_X2".
ABC: Scl_LibertyReadGenlib() skipped three-state cell "TBUF_X4".
ABC: Scl_LibertyReadGenlib() skipped three-state cell "TBUF_X8".
ABC: Scl_LibertyReadGenlib() skipped three-state cell "TBUF_X12".
ABC: Scl_LibertyReadGenlib() skipped three-state cell "TBUF_X16".
ABC: Scl_LibertyReadGenlib() skipped cell "TIEH" due to dont_use attribute.
ABC: Scl_LibertyReadGenlib() skipped cell "TIEL" due to dont_use attribute.
ABC: Library "NanGate_15nm_OCL" from "/home/bellee21/progettoEDA/proveSintesi/Syn_libraries/15nm/CCS/NanGate_15nm_OCL_typical_conditional_ccs.lib" has 55 cells (21 skipped: 5 seq; 6 tri-state; 1 no func; 9 dont_use; 0 with 2 outputs; 0 with 3+ outputs).  Time =     0.78 sec
ABC: Memory =  176.75 MB. Time =     0.78 sec
ABC: Warning: Detected 2 multi-output cells (for example, "FA_X1").
ABC: + strash 
ABC: + &get -n 
ABC: + &fraig -x 
ABC: + &put 
ABC: + scorr 
ABC: Warning: The network is combinational (run "fraig" or "fraig_sweep").
ABC: + dc2 
ABC: + dretime 
ABC: + strash 
ABC: + &get -n 
ABC: + &dch -f 
ABC: + &nf 
ABC: + &put 
ABC: + write_blif <abc-temp-dir>/output.blif 

7.1.2. Re-integrating ABC results.
ABC RESULTS:           AND2_X1 cells:        1
ABC RESULTS:          AOI21_X1 cells:        4
ABC RESULTS:          AOI22_X1 cells:        1
ABC RESULTS:            INV_X1 cells:        9
ABC RESULTS:          NAND2_X1 cells:        5
ABC RESULTS:          NAND3_X1 cells:        4
ABC RESULTS:          NAND4_X1 cells:        1
ABC RESULTS:           NOR2_X1 cells:        3
ABC RESULTS:           NOR3_X1 cells:        5
ABC RESULTS:           NOR4_X1 cells:        1
ABC RESULTS:          XNOR2_X1 cells:        1
ABC RESULTS:        internal signals:       41
ABC RESULTS:           input signals:        6
ABC RESULTS:          output signals:       10
Removing temp directory.
Removing global temp directory.

8. Executing FLATTEN pass (flatten design).

9. Executing SETUNDEF pass (replace undef values with defined constants).
Removed 0 unused cells and 57 unused wires.

10. Executing Verilog backend.

10.1. Executing BMUXMAP pass.

10.2. Executing DEMUXMAP pass.
Dumping module `\b01'.

End of script. Logfile hash: 3f9a2ca039, CPU: user 0.75s system 0.11s, MEM: 314.27 MB peak
Yosys 0.57+263 (git sha1 637665c9d, g++ 13.3.0-6ubuntu2~24.04 -fPIC -O3)
Time spent: 67% 2x abc (1 sec), 29% 1x dfflibmap (0 sec), ...
