
 /----------------------------------------------------------------------------\
 |                                                                            |
 |  yosys -- Yosys Open SYnthesis Suite                                       |
 |                                                                            |
 |  Copyright (C) 2012 - 2020  Claire Xenia Wolf <claire@yosyshq.com>         |
 |                                                                            |
 |  Permission to use, copy, modify, and/or distribute this software for any  |
 |  purpose with or without fee is hereby granted, provided that the above    |
 |  copyright notice and this permission notice appear in all copies.         |
 |                                                                            |
 |  THE SOFTWARE IS PROVIDED "AS IS" AND THE AUTHOR DISCLAIMS ALL WARRANTIES  |
 |  WITH REGARD TO THIS SOFTWARE INCLUDING ALL IMPLIED WARRANTIES OF          |
 |  MERCHANTABILITY AND FITNESS. IN NO EVENT SHALL THE AUTHOR BE LIABLE FOR   |
 |  ANY SPECIAL, DIRECT, INDIRECT, OR CONSEQUENTIAL DAMAGES OR ANY DAMAGES    |
 |  WHATSOEVER RESULTING FROM LOSS OF USE, DATA OR PROFITS, WHETHER IN AN     |
 |  ACTION OF CONTRACT, NEGLIGENCE OR OTHER TORTIOUS ACTION, ARISING OUT OF   |
 |  OR IN CONNECTION WITH THE USE OR PERFORMANCE OF THIS SOFTWARE.            |
 |                                                                            |
 \----------------------------------------------------------------------------/

 Yosys 0.33 (git sha1 2584903a060)


-- Executing script file `/home/filippo/Scrivania/proveSintesi/fault/ISCAS89/s13207/synth.ys' --

1. Executing Verilog-2005 frontend: /home/filippo/Scrivania/proveSintesi/fault/ISCAS89/s13207/s13207.v
Parsing Verilog input from `/home/filippo/Scrivania/proveSintesi/fault/ISCAS89/s13207/s13207.v' to AST representation.
Generating RTLIL representation for module `\dff'.
Generating RTLIL representation for module `\s13207'.
Successfully finished Verilog frontend.

2. Executing SYNTH pass.

2.1. Executing HIERARCHY pass (managing design hierarchy).

2.1.1. Analyzing design hierarchy..
Top module:  \s13207
Used module:     \dff

2.1.2. Analyzing design hierarchy..
Top module:  \s13207
Used module:     \dff
Removed 0 unused modules.
Mapping positional arguments of cell s13207.DFF_637 (dff).
Mapping positional arguments of cell s13207.DFF_636 (dff).
Mapping positional arguments of cell s13207.DFF_635 (dff).
Mapping positional arguments of cell s13207.DFF_634 (dff).
Mapping positional arguments of cell s13207.DFF_633 (dff).
Mapping positional arguments of cell s13207.DFF_632 (dff).
Mapping positional arguments of cell s13207.DFF_631 (dff).
Mapping positional arguments of cell s13207.DFF_630 (dff).
Mapping positional arguments of cell s13207.DFF_629 (dff).
Mapping positional arguments of cell s13207.DFF_628 (dff).
Mapping positional arguments of cell s13207.DFF_627 (dff).
Mapping positional arguments of cell s13207.DFF_626 (dff).
Mapping positional arguments of cell s13207.DFF_625 (dff).
Mapping positional arguments of cell s13207.DFF_624 (dff).
Mapping positional arguments of cell s13207.DFF_623 (dff).
Mapping positional arguments of cell s13207.DFF_622 (dff).
Mapping positional arguments of cell s13207.DFF_621 (dff).
Mapping positional arguments of cell s13207.DFF_620 (dff).
Mapping positional arguments of cell s13207.DFF_619 (dff).
Mapping positional arguments of cell s13207.DFF_618 (dff).
Mapping positional arguments of cell s13207.DFF_617 (dff).
Mapping positional arguments of cell s13207.DFF_616 (dff).
Mapping positional arguments of cell s13207.DFF_615 (dff).
Mapping positional arguments of cell s13207.DFF_614 (dff).
Mapping positional arguments of cell s13207.DFF_613 (dff).
Mapping positional arguments of cell s13207.DFF_612 (dff).
Mapping positional arguments of cell s13207.DFF_611 (dff).
Mapping positional arguments of cell s13207.DFF_610 (dff).
Mapping positional arguments of cell s13207.DFF_609 (dff).
Mapping positional arguments of cell s13207.DFF_608 (dff).
Mapping positional arguments of cell s13207.DFF_607 (dff).
Mapping positional arguments of cell s13207.DFF_606 (dff).
Mapping positional arguments of cell s13207.DFF_605 (dff).
Mapping positional arguments of cell s13207.DFF_604 (dff).
Mapping positional arguments of cell s13207.DFF_603 (dff).
Mapping positional arguments of cell s13207.DFF_602 (dff).
Mapping positional arguments of cell s13207.DFF_601 (dff).
Mapping positional arguments of cell s13207.DFF_600 (dff).
Mapping positional arguments of cell s13207.DFF_599 (dff).
Mapping positional arguments of cell s13207.DFF_598 (dff).
Mapping positional arguments of cell s13207.DFF_597 (dff).
Mapping positional arguments of cell s13207.DFF_596 (dff).
Mapping positional arguments of cell s13207.DFF_595 (dff).
Mapping positional arguments of cell s13207.DFF_594 (dff).
Mapping positional arguments of cell s13207.DFF_593 (dff).
Mapping positional arguments of cell s13207.DFF_592 (dff).
Mapping positional arguments of cell s13207.DFF_591 (dff).
Mapping positional arguments of cell s13207.DFF_590 (dff).
Mapping positional arguments of cell s13207.DFF_589 (dff).
Mapping positional arguments of cell s13207.DFF_588 (dff).
Mapping positional arguments of cell s13207.DFF_587 (dff).
Mapping positional arguments of cell s13207.DFF_586 (dff).
Mapping positional arguments of cell s13207.DFF_585 (dff).
Mapping positional arguments of cell s13207.DFF_584 (dff).
Mapping positional arguments of cell s13207.DFF_583 (dff).
Mapping positional arguments of cell s13207.DFF_582 (dff).
Mapping positional arguments of cell s13207.DFF_581 (dff).
Mapping positional arguments of cell s13207.DFF_580 (dff).
Mapping positional arguments of cell s13207.DFF_579 (dff).
Mapping positional arguments of cell s13207.DFF_578 (dff).
Mapping positional arguments of cell s13207.DFF_577 (dff).
Mapping positional arguments of cell s13207.DFF_576 (dff).
Mapping positional arguments of cell s13207.DFF_575 (dff).
Mapping positional arguments of cell s13207.DFF_574 (dff).
Mapping positional arguments of cell s13207.DFF_573 (dff).
Mapping positional arguments of cell s13207.DFF_572 (dff).
Mapping positional arguments of cell s13207.DFF_571 (dff).
Mapping positional arguments of cell s13207.DFF_570 (dff).
Mapping positional arguments of cell s13207.DFF_569 (dff).
Mapping positional arguments of cell s13207.DFF_568 (dff).
Mapping positional arguments of cell s13207.DFF_567 (dff).
Mapping positional arguments of cell s13207.DFF_566 (dff).
Mapping positional arguments of cell s13207.DFF_565 (dff).
Mapping positional arguments of cell s13207.DFF_564 (dff).
Mapping positional arguments of cell s13207.DFF_563 (dff).
Mapping positional arguments of cell s13207.DFF_562 (dff).
Mapping positional arguments of cell s13207.DFF_561 (dff).
Mapping positional arguments of cell s13207.DFF_560 (dff).
Mapping positional arguments of cell s13207.DFF_559 (dff).
Mapping positional arguments of cell s13207.DFF_558 (dff).
Mapping positional arguments of cell s13207.DFF_557 (dff).
Mapping positional arguments of cell s13207.DFF_556 (dff).
Mapping positional arguments of cell s13207.DFF_555 (dff).
Mapping positional arguments of cell s13207.DFF_554 (dff).
Mapping positional arguments of cell s13207.DFF_553 (dff).
Mapping positional arguments of cell s13207.DFF_552 (dff).
Mapping positional arguments of cell s13207.DFF_551 (dff).
Mapping positional arguments of cell s13207.DFF_550 (dff).
Mapping positional arguments of cell s13207.DFF_549 (dff).
Mapping positional arguments of cell s13207.DFF_548 (dff).
Mapping positional arguments of cell s13207.DFF_547 (dff).
Mapping positional arguments of cell s13207.DFF_546 (dff).
Mapping positional arguments of cell s13207.DFF_545 (dff).
Mapping positional arguments of cell s13207.DFF_544 (dff).
Mapping positional arguments of cell s13207.DFF_543 (dff).
Mapping positional arguments of cell s13207.DFF_542 (dff).
Mapping positional arguments of cell s13207.DFF_541 (dff).
Mapping positional arguments of cell s13207.DFF_540 (dff).
Mapping positional arguments of cell s13207.DFF_539 (dff).
Mapping positional arguments of cell s13207.DFF_538 (dff).
Mapping positional arguments of cell s13207.DFF_537 (dff).
Mapping positional arguments of cell s13207.DFF_536 (dff).
Mapping positional arguments of cell s13207.DFF_535 (dff).
Mapping positional arguments of cell s13207.DFF_534 (dff).
Mapping positional arguments of cell s13207.DFF_533 (dff).
Mapping positional arguments of cell s13207.DFF_532 (dff).
Mapping positional arguments of cell s13207.DFF_531 (dff).
Mapping positional arguments of cell s13207.DFF_530 (dff).
Mapping positional arguments of cell s13207.DFF_529 (dff).
Mapping positional arguments of cell s13207.DFF_528 (dff).
Mapping positional arguments of cell s13207.DFF_527 (dff).
Mapping positional arguments of cell s13207.DFF_526 (dff).
Mapping positional arguments of cell s13207.DFF_525 (dff).
Mapping positional arguments of cell s13207.DFF_524 (dff).
Mapping positional arguments of cell s13207.DFF_523 (dff).
Mapping positional arguments of cell s13207.DFF_522 (dff).
Mapping positional arguments of cell s13207.DFF_521 (dff).
Mapping positional arguments of cell s13207.DFF_520 (dff).
Mapping positional arguments of cell s13207.DFF_519 (dff).
Mapping positional arguments of cell s13207.DFF_518 (dff).
Mapping positional arguments of cell s13207.DFF_517 (dff).
Mapping positional arguments of cell s13207.DFF_516 (dff).
Mapping positional arguments of cell s13207.DFF_515 (dff).
Mapping positional arguments of cell s13207.DFF_514 (dff).
Mapping positional arguments of cell s13207.DFF_513 (dff).
Mapping positional arguments of cell s13207.DFF_512 (dff).
Mapping positional arguments of cell s13207.DFF_511 (dff).
Mapping positional arguments of cell s13207.DFF_510 (dff).
Mapping positional arguments of cell s13207.DFF_509 (dff).
Mapping positional arguments of cell s13207.DFF_508 (dff).
Mapping positional arguments of cell s13207.DFF_507 (dff).
Mapping positional arguments of cell s13207.DFF_506 (dff).
Mapping positional arguments of cell s13207.DFF_505 (dff).
Mapping positional arguments of cell s13207.DFF_504 (dff).
Mapping positional arguments of cell s13207.DFF_503 (dff).
Mapping positional arguments of cell s13207.DFF_502 (dff).
Mapping positional arguments of cell s13207.DFF_501 (dff).
Mapping positional arguments of cell s13207.DFF_500 (dff).
Mapping positional arguments of cell s13207.DFF_499 (dff).
Mapping positional arguments of cell s13207.DFF_498 (dff).
Mapping positional arguments of cell s13207.DFF_497 (dff).
Mapping positional arguments of cell s13207.DFF_496 (dff).
Mapping positional arguments of cell s13207.DFF_495 (dff).
Mapping positional arguments of cell s13207.DFF_494 (dff).
Mapping positional arguments of cell s13207.DFF_493 (dff).
Mapping positional arguments of cell s13207.DFF_492 (dff).
Mapping positional arguments of cell s13207.DFF_491 (dff).
Mapping positional arguments of cell s13207.DFF_490 (dff).
Mapping positional arguments of cell s13207.DFF_489 (dff).
Mapping positional arguments of cell s13207.DFF_488 (dff).
Mapping positional arguments of cell s13207.DFF_487 (dff).
Mapping positional arguments of cell s13207.DFF_486 (dff).
Mapping positional arguments of cell s13207.DFF_485 (dff).
Mapping positional arguments of cell s13207.DFF_484 (dff).
Mapping positional arguments of cell s13207.DFF_483 (dff).
Mapping positional arguments of cell s13207.DFF_482 (dff).
Mapping positional arguments of cell s13207.DFF_481 (dff).
Mapping positional arguments of cell s13207.DFF_480 (dff).
Mapping positional arguments of cell s13207.DFF_479 (dff).
Mapping positional arguments of cell s13207.DFF_478 (dff).
Mapping positional arguments of cell s13207.DFF_477 (dff).
Mapping positional arguments of cell s13207.DFF_476 (dff).
Mapping positional arguments of cell s13207.DFF_475 (dff).
Mapping positional arguments of cell s13207.DFF_474 (dff).
Mapping positional arguments of cell s13207.DFF_473 (dff).
Mapping positional arguments of cell s13207.DFF_472 (dff).
Mapping positional arguments of cell s13207.DFF_471 (dff).
Mapping positional arguments of cell s13207.DFF_470 (dff).
Mapping positional arguments of cell s13207.DFF_469 (dff).
Mapping positional arguments of cell s13207.DFF_468 (dff).
Mapping positional arguments of cell s13207.DFF_467 (dff).
Mapping positional arguments of cell s13207.DFF_466 (dff).
Mapping positional arguments of cell s13207.DFF_465 (dff).
Mapping positional arguments of cell s13207.DFF_464 (dff).
Mapping positional arguments of cell s13207.DFF_463 (dff).
Mapping positional arguments of cell s13207.DFF_462 (dff).
Mapping positional arguments of cell s13207.DFF_461 (dff).
Mapping positional arguments of cell s13207.DFF_460 (dff).
Mapping positional arguments of cell s13207.DFF_459 (dff).
Mapping positional arguments of cell s13207.DFF_458 (dff).
Mapping positional arguments of cell s13207.DFF_457 (dff).
Mapping positional arguments of cell s13207.DFF_456 (dff).
Mapping positional arguments of cell s13207.DFF_455 (dff).
Mapping positional arguments of cell s13207.DFF_454 (dff).
Mapping positional arguments of cell s13207.DFF_453 (dff).
Mapping positional arguments of cell s13207.DFF_452 (dff).
Mapping positional arguments of cell s13207.DFF_451 (dff).
Mapping positional arguments of cell s13207.DFF_450 (dff).
Mapping positional arguments of cell s13207.DFF_449 (dff).
Mapping positional arguments of cell s13207.DFF_448 (dff).
Mapping positional arguments of cell s13207.DFF_447 (dff).
Mapping positional arguments of cell s13207.DFF_446 (dff).
Mapping positional arguments of cell s13207.DFF_445 (dff).
Mapping positional arguments of cell s13207.DFF_444 (dff).
Mapping positional arguments of cell s13207.DFF_443 (dff).
Mapping positional arguments of cell s13207.DFF_442 (dff).
Mapping positional arguments of cell s13207.DFF_441 (dff).
Mapping positional arguments of cell s13207.DFF_440 (dff).
Mapping positional arguments of cell s13207.DFF_439 (dff).
Mapping positional arguments of cell s13207.DFF_438 (dff).
Mapping positional arguments of cell s13207.DFF_437 (dff).
Mapping positional arguments of cell s13207.DFF_436 (dff).
Mapping positional arguments of cell s13207.DFF_435 (dff).
Mapping positional arguments of cell s13207.DFF_434 (dff).
Mapping positional arguments of cell s13207.DFF_433 (dff).
Mapping positional arguments of cell s13207.DFF_432 (dff).
Mapping positional arguments of cell s13207.DFF_431 (dff).
Mapping positional arguments of cell s13207.DFF_430 (dff).
Mapping positional arguments of cell s13207.DFF_429 (dff).
Mapping positional arguments of cell s13207.DFF_428 (dff).
Mapping positional arguments of cell s13207.DFF_427 (dff).
Mapping positional arguments of cell s13207.DFF_426 (dff).
Mapping positional arguments of cell s13207.DFF_425 (dff).
Mapping positional arguments of cell s13207.DFF_424 (dff).
Mapping positional arguments of cell s13207.DFF_423 (dff).
Mapping positional arguments of cell s13207.DFF_422 (dff).
Mapping positional arguments of cell s13207.DFF_421 (dff).
Mapping positional arguments of cell s13207.DFF_420 (dff).
Mapping positional arguments of cell s13207.DFF_419 (dff).
Mapping positional arguments of cell s13207.DFF_418 (dff).
Mapping positional arguments of cell s13207.DFF_417 (dff).
Mapping positional arguments of cell s13207.DFF_416 (dff).
Mapping positional arguments of cell s13207.DFF_415 (dff).
Mapping positional arguments of cell s13207.DFF_414 (dff).
Mapping positional arguments of cell s13207.DFF_413 (dff).
Mapping positional arguments of cell s13207.DFF_412 (dff).
Mapping positional arguments of cell s13207.DFF_411 (dff).
Mapping positional arguments of cell s13207.DFF_410 (dff).
Mapping positional arguments of cell s13207.DFF_409 (dff).
Mapping positional arguments of cell s13207.DFF_408 (dff).
Mapping positional arguments of cell s13207.DFF_407 (dff).
Mapping positional arguments of cell s13207.DFF_406 (dff).
Mapping positional arguments of cell s13207.DFF_405 (dff).
Mapping positional arguments of cell s13207.DFF_404 (dff).
Mapping positional arguments of cell s13207.DFF_403 (dff).
Mapping positional arguments of cell s13207.DFF_402 (dff).
Mapping positional arguments of cell s13207.DFF_401 (dff).
Mapping positional arguments of cell s13207.DFF_400 (dff).
Mapping positional arguments of cell s13207.DFF_399 (dff).
Mapping positional arguments of cell s13207.DFF_398 (dff).
Mapping positional arguments of cell s13207.DFF_397 (dff).
Mapping positional arguments of cell s13207.DFF_396 (dff).
Mapping positional arguments of cell s13207.DFF_395 (dff).
Mapping positional arguments of cell s13207.DFF_394 (dff).
Mapping positional arguments of cell s13207.DFF_393 (dff).
Mapping positional arguments of cell s13207.DFF_392 (dff).
Mapping positional arguments of cell s13207.DFF_391 (dff).
Mapping positional arguments of cell s13207.DFF_390 (dff).
Mapping positional arguments of cell s13207.DFF_389 (dff).
Mapping positional arguments of cell s13207.DFF_388 (dff).
Mapping positional arguments of cell s13207.DFF_387 (dff).
Mapping positional arguments of cell s13207.DFF_386 (dff).
Mapping positional arguments of cell s13207.DFF_385 (dff).
Mapping positional arguments of cell s13207.DFF_384 (dff).
Mapping positional arguments of cell s13207.DFF_383 (dff).
Mapping positional arguments of cell s13207.DFF_382 (dff).
Mapping positional arguments of cell s13207.DFF_381 (dff).
Mapping positional arguments of cell s13207.DFF_380 (dff).
Mapping positional arguments of cell s13207.DFF_379 (dff).
Mapping positional arguments of cell s13207.DFF_378 (dff).
Mapping positional arguments of cell s13207.DFF_377 (dff).
Mapping positional arguments of cell s13207.DFF_376 (dff).
Mapping positional arguments of cell s13207.DFF_375 (dff).
Mapping positional arguments of cell s13207.DFF_374 (dff).
Mapping positional arguments of cell s13207.DFF_373 (dff).
Mapping positional arguments of cell s13207.DFF_372 (dff).
Mapping positional arguments of cell s13207.DFF_371 (dff).
Mapping positional arguments of cell s13207.DFF_370 (dff).
Mapping positional arguments of cell s13207.DFF_369 (dff).
Mapping positional arguments of cell s13207.DFF_368 (dff).
Mapping positional arguments of cell s13207.DFF_367 (dff).
Mapping positional arguments of cell s13207.DFF_366 (dff).
Mapping positional arguments of cell s13207.DFF_365 (dff).
Mapping positional arguments of cell s13207.DFF_364 (dff).
Mapping positional arguments of cell s13207.DFF_363 (dff).
Mapping positional arguments of cell s13207.DFF_362 (dff).
Mapping positional arguments of cell s13207.DFF_361 (dff).
Mapping positional arguments of cell s13207.DFF_360 (dff).
Mapping positional arguments of cell s13207.DFF_359 (dff).
Mapping positional arguments of cell s13207.DFF_358 (dff).
Mapping positional arguments of cell s13207.DFF_357 (dff).
Mapping positional arguments of cell s13207.DFF_356 (dff).
Mapping positional arguments of cell s13207.DFF_355 (dff).
Mapping positional arguments of cell s13207.DFF_354 (dff).
Mapping positional arguments of cell s13207.DFF_353 (dff).
Mapping positional arguments of cell s13207.DFF_352 (dff).
Mapping positional arguments of cell s13207.DFF_351 (dff).
Mapping positional arguments of cell s13207.DFF_350 (dff).
Mapping positional arguments of cell s13207.DFF_349 (dff).
Mapping positional arguments of cell s13207.DFF_348 (dff).
Mapping positional arguments of cell s13207.DFF_347 (dff).
Mapping positional arguments of cell s13207.DFF_346 (dff).
Mapping positional arguments of cell s13207.DFF_345 (dff).
Mapping positional arguments of cell s13207.DFF_344 (dff).
Mapping positional arguments of cell s13207.DFF_343 (dff).
Mapping positional arguments of cell s13207.DFF_342 (dff).
Mapping positional arguments of cell s13207.DFF_341 (dff).
Mapping positional arguments of cell s13207.DFF_340 (dff).
Mapping positional arguments of cell s13207.DFF_339 (dff).
Mapping positional arguments of cell s13207.DFF_338 (dff).
Mapping positional arguments of cell s13207.DFF_337 (dff).
Mapping positional arguments of cell s13207.DFF_336 (dff).
Mapping positional arguments of cell s13207.DFF_335 (dff).
Mapping positional arguments of cell s13207.DFF_334 (dff).
Mapping positional arguments of cell s13207.DFF_333 (dff).
Mapping positional arguments of cell s13207.DFF_332 (dff).
Mapping positional arguments of cell s13207.DFF_331 (dff).
Mapping positional arguments of cell s13207.DFF_330 (dff).
Mapping positional arguments of cell s13207.DFF_329 (dff).
Mapping positional arguments of cell s13207.DFF_328 (dff).
Mapping positional arguments of cell s13207.DFF_327 (dff).
Mapping positional arguments of cell s13207.DFF_326 (dff).
Mapping positional arguments of cell s13207.DFF_325 (dff).
Mapping positional arguments of cell s13207.DFF_324 (dff).
Mapping positional arguments of cell s13207.DFF_323 (dff).
Mapping positional arguments of cell s13207.DFF_322 (dff).
Mapping positional arguments of cell s13207.DFF_321 (dff).
Mapping positional arguments of cell s13207.DFF_320 (dff).
Mapping positional arguments of cell s13207.DFF_319 (dff).
Mapping positional arguments of cell s13207.DFF_318 (dff).
Mapping positional arguments of cell s13207.DFF_317 (dff).
Mapping positional arguments of cell s13207.DFF_316 (dff).
Mapping positional arguments of cell s13207.DFF_315 (dff).
Mapping positional arguments of cell s13207.DFF_314 (dff).
Mapping positional arguments of cell s13207.DFF_313 (dff).
Mapping positional arguments of cell s13207.DFF_312 (dff).
Mapping positional arguments of cell s13207.DFF_311 (dff).
Mapping positional arguments of cell s13207.DFF_310 (dff).
Mapping positional arguments of cell s13207.DFF_309 (dff).
Mapping positional arguments of cell s13207.DFF_308 (dff).
Mapping positional arguments of cell s13207.DFF_307 (dff).
Mapping positional arguments of cell s13207.DFF_306 (dff).
Mapping positional arguments of cell s13207.DFF_305 (dff).
Mapping positional arguments of cell s13207.DFF_304 (dff).
Mapping positional arguments of cell s13207.DFF_303 (dff).
Mapping positional arguments of cell s13207.DFF_302 (dff).
Mapping positional arguments of cell s13207.DFF_301 (dff).
Mapping positional arguments of cell s13207.DFF_300 (dff).
Mapping positional arguments of cell s13207.DFF_299 (dff).
Mapping positional arguments of cell s13207.DFF_298 (dff).
Mapping positional arguments of cell s13207.DFF_297 (dff).
Mapping positional arguments of cell s13207.DFF_296 (dff).
Mapping positional arguments of cell s13207.DFF_295 (dff).
Mapping positional arguments of cell s13207.DFF_294 (dff).
Mapping positional arguments of cell s13207.DFF_293 (dff).
Mapping positional arguments of cell s13207.DFF_292 (dff).
Mapping positional arguments of cell s13207.DFF_291 (dff).
Mapping positional arguments of cell s13207.DFF_290 (dff).
Mapping positional arguments of cell s13207.DFF_289 (dff).
Mapping positional arguments of cell s13207.DFF_288 (dff).
Mapping positional arguments of cell s13207.DFF_287 (dff).
Mapping positional arguments of cell s13207.DFF_286 (dff).
Mapping positional arguments of cell s13207.DFF_285 (dff).
Mapping positional arguments of cell s13207.DFF_284 (dff).
Mapping positional arguments of cell s13207.DFF_283 (dff).
Mapping positional arguments of cell s13207.DFF_282 (dff).
Mapping positional arguments of cell s13207.DFF_281 (dff).
Mapping positional arguments of cell s13207.DFF_280 (dff).
Mapping positional arguments of cell s13207.DFF_279 (dff).
Mapping positional arguments of cell s13207.DFF_278 (dff).
Mapping positional arguments of cell s13207.DFF_277 (dff).
Mapping positional arguments of cell s13207.DFF_276 (dff).
Mapping positional arguments of cell s13207.DFF_275 (dff).
Mapping positional arguments of cell s13207.DFF_274 (dff).
Mapping positional arguments of cell s13207.DFF_273 (dff).
Mapping positional arguments of cell s13207.DFF_272 (dff).
Mapping positional arguments of cell s13207.DFF_271 (dff).
Mapping positional arguments of cell s13207.DFF_270 (dff).
Mapping positional arguments of cell s13207.DFF_269 (dff).
Mapping positional arguments of cell s13207.DFF_268 (dff).
Mapping positional arguments of cell s13207.DFF_267 (dff).
Mapping positional arguments of cell s13207.DFF_266 (dff).
Mapping positional arguments of cell s13207.DFF_265 (dff).
Mapping positional arguments of cell s13207.DFF_264 (dff).
Mapping positional arguments of cell s13207.DFF_263 (dff).
Mapping positional arguments of cell s13207.DFF_262 (dff).
Mapping positional arguments of cell s13207.DFF_261 (dff).
Mapping positional arguments of cell s13207.DFF_260 (dff).
Mapping positional arguments of cell s13207.DFF_259 (dff).
Mapping positional arguments of cell s13207.DFF_258 (dff).
Mapping positional arguments of cell s13207.DFF_257 (dff).
Mapping positional arguments of cell s13207.DFF_256 (dff).
Mapping positional arguments of cell s13207.DFF_255 (dff).
Mapping positional arguments of cell s13207.DFF_254 (dff).
Mapping positional arguments of cell s13207.DFF_253 (dff).
Mapping positional arguments of cell s13207.DFF_252 (dff).
Mapping positional arguments of cell s13207.DFF_251 (dff).
Mapping positional arguments of cell s13207.DFF_250 (dff).
Mapping positional arguments of cell s13207.DFF_249 (dff).
Mapping positional arguments of cell s13207.DFF_248 (dff).
Mapping positional arguments of cell s13207.DFF_247 (dff).
Mapping positional arguments of cell s13207.DFF_246 (dff).
Mapping positional arguments of cell s13207.DFF_245 (dff).
Mapping positional arguments of cell s13207.DFF_244 (dff).
Mapping positional arguments of cell s13207.DFF_243 (dff).
Mapping positional arguments of cell s13207.DFF_242 (dff).
Mapping positional arguments of cell s13207.DFF_241 (dff).
Mapping positional arguments of cell s13207.DFF_240 (dff).
Mapping positional arguments of cell s13207.DFF_239 (dff).
Mapping positional arguments of cell s13207.DFF_238 (dff).
Mapping positional arguments of cell s13207.DFF_237 (dff).
Mapping positional arguments of cell s13207.DFF_236 (dff).
Mapping positional arguments of cell s13207.DFF_235 (dff).
Mapping positional arguments of cell s13207.DFF_234 (dff).
Mapping positional arguments of cell s13207.DFF_233 (dff).
Mapping positional arguments of cell s13207.DFF_232 (dff).
Mapping positional arguments of cell s13207.DFF_231 (dff).
Mapping positional arguments of cell s13207.DFF_230 (dff).
Mapping positional arguments of cell s13207.DFF_229 (dff).
Mapping positional arguments of cell s13207.DFF_228 (dff).
Mapping positional arguments of cell s13207.DFF_227 (dff).
Mapping positional arguments of cell s13207.DFF_226 (dff).
Mapping positional arguments of cell s13207.DFF_225 (dff).
Mapping positional arguments of cell s13207.DFF_224 (dff).
Mapping positional arguments of cell s13207.DFF_223 (dff).
Mapping positional arguments of cell s13207.DFF_222 (dff).
Mapping positional arguments of cell s13207.DFF_221 (dff).
Mapping positional arguments of cell s13207.DFF_220 (dff).
Mapping positional arguments of cell s13207.DFF_219 (dff).
Mapping positional arguments of cell s13207.DFF_218 (dff).
Mapping positional arguments of cell s13207.DFF_217 (dff).
Mapping positional arguments of cell s13207.DFF_216 (dff).
Mapping positional arguments of cell s13207.DFF_215 (dff).
Mapping positional arguments of cell s13207.DFF_214 (dff).
Mapping positional arguments of cell s13207.DFF_213 (dff).
Mapping positional arguments of cell s13207.DFF_212 (dff).
Mapping positional arguments of cell s13207.DFF_211 (dff).
Mapping positional arguments of cell s13207.DFF_210 (dff).
Mapping positional arguments of cell s13207.DFF_209 (dff).
Mapping positional arguments of cell s13207.DFF_208 (dff).
Mapping positional arguments of cell s13207.DFF_207 (dff).
Mapping positional arguments of cell s13207.DFF_206 (dff).
Mapping positional arguments of cell s13207.DFF_205 (dff).
Mapping positional arguments of cell s13207.DFF_204 (dff).
Mapping positional arguments of cell s13207.DFF_203 (dff).
Mapping positional arguments of cell s13207.DFF_202 (dff).
Mapping positional arguments of cell s13207.DFF_201 (dff).
Mapping positional arguments of cell s13207.DFF_200 (dff).
Mapping positional arguments of cell s13207.DFF_199 (dff).
Mapping positional arguments of cell s13207.DFF_198 (dff).
Mapping positional arguments of cell s13207.DFF_197 (dff).
Mapping positional arguments of cell s13207.DFF_196 (dff).
Mapping positional arguments of cell s13207.DFF_195 (dff).
Mapping positional arguments of cell s13207.DFF_194 (dff).
Mapping positional arguments of cell s13207.DFF_193 (dff).
Mapping positional arguments of cell s13207.DFF_192 (dff).
Mapping positional arguments of cell s13207.DFF_191 (dff).
Mapping positional arguments of cell s13207.DFF_190 (dff).
Mapping positional arguments of cell s13207.DFF_189 (dff).
Mapping positional arguments of cell s13207.DFF_188 (dff).
Mapping positional arguments of cell s13207.DFF_187 (dff).
Mapping positional arguments of cell s13207.DFF_186 (dff).
Mapping positional arguments of cell s13207.DFF_185 (dff).
Mapping positional arguments of cell s13207.DFF_184 (dff).
Mapping positional arguments of cell s13207.DFF_183 (dff).
Mapping positional arguments of cell s13207.DFF_182 (dff).
Mapping positional arguments of cell s13207.DFF_181 (dff).
Mapping positional arguments of cell s13207.DFF_180 (dff).
Mapping positional arguments of cell s13207.DFF_179 (dff).
Mapping positional arguments of cell s13207.DFF_178 (dff).
Mapping positional arguments of cell s13207.DFF_177 (dff).
Mapping positional arguments of cell s13207.DFF_176 (dff).
Mapping positional arguments of cell s13207.DFF_175 (dff).
Mapping positional arguments of cell s13207.DFF_174 (dff).
Mapping positional arguments of cell s13207.DFF_173 (dff).
Mapping positional arguments of cell s13207.DFF_172 (dff).
Mapping positional arguments of cell s13207.DFF_171 (dff).
Mapping positional arguments of cell s13207.DFF_170 (dff).
Mapping positional arguments of cell s13207.DFF_169 (dff).
Mapping positional arguments of cell s13207.DFF_168 (dff).
Mapping positional arguments of cell s13207.DFF_167 (dff).
Mapping positional arguments of cell s13207.DFF_166 (dff).
Mapping positional arguments of cell s13207.DFF_165 (dff).
Mapping positional arguments of cell s13207.DFF_164 (dff).
Mapping positional arguments of cell s13207.DFF_163 (dff).
Mapping positional arguments of cell s13207.DFF_162 (dff).
Mapping positional arguments of cell s13207.DFF_161 (dff).
Mapping positional arguments of cell s13207.DFF_160 (dff).
Mapping positional arguments of cell s13207.DFF_159 (dff).
Mapping positional arguments of cell s13207.DFF_158 (dff).
Mapping positional arguments of cell s13207.DFF_157 (dff).
Mapping positional arguments of cell s13207.DFF_156 (dff).
Mapping positional arguments of cell s13207.DFF_155 (dff).
Mapping positional arguments of cell s13207.DFF_154 (dff).
Mapping positional arguments of cell s13207.DFF_153 (dff).
Mapping positional arguments of cell s13207.DFF_152 (dff).
Mapping positional arguments of cell s13207.DFF_151 (dff).
Mapping positional arguments of cell s13207.DFF_150 (dff).
Mapping positional arguments of cell s13207.DFF_149 (dff).
Mapping positional arguments of cell s13207.DFF_148 (dff).
Mapping positional arguments of cell s13207.DFF_147 (dff).
Mapping positional arguments of cell s13207.DFF_146 (dff).
Mapping positional arguments of cell s13207.DFF_145 (dff).
Mapping positional arguments of cell s13207.DFF_144 (dff).
Mapping positional arguments of cell s13207.DFF_143 (dff).
Mapping positional arguments of cell s13207.DFF_142 (dff).
Mapping positional arguments of cell s13207.DFF_141 (dff).
Mapping positional arguments of cell s13207.DFF_140 (dff).
Mapping positional arguments of cell s13207.DFF_139 (dff).
Mapping positional arguments of cell s13207.DFF_138 (dff).
Mapping positional arguments of cell s13207.DFF_137 (dff).
Mapping positional arguments of cell s13207.DFF_136 (dff).
Mapping positional arguments of cell s13207.DFF_135 (dff).
Mapping positional arguments of cell s13207.DFF_134 (dff).
Mapping positional arguments of cell s13207.DFF_133 (dff).
Mapping positional arguments of cell s13207.DFF_132 (dff).
Mapping positional arguments of cell s13207.DFF_131 (dff).
Mapping positional arguments of cell s13207.DFF_130 (dff).
Mapping positional arguments of cell s13207.DFF_129 (dff).
Mapping positional arguments of cell s13207.DFF_128 (dff).
Mapping positional arguments of cell s13207.DFF_127 (dff).
Mapping positional arguments of cell s13207.DFF_126 (dff).
Mapping positional arguments of cell s13207.DFF_125 (dff).
Mapping positional arguments of cell s13207.DFF_124 (dff).
Mapping positional arguments of cell s13207.DFF_123 (dff).
Mapping positional arguments of cell s13207.DFF_122 (dff).
Mapping positional arguments of cell s13207.DFF_121 (dff).
Mapping positional arguments of cell s13207.DFF_120 (dff).
Mapping positional arguments of cell s13207.DFF_119 (dff).
Mapping positional arguments of cell s13207.DFF_118 (dff).
Mapping positional arguments of cell s13207.DFF_117 (dff).
Mapping positional arguments of cell s13207.DFF_116 (dff).
Mapping positional arguments of cell s13207.DFF_115 (dff).
Mapping positional arguments of cell s13207.DFF_114 (dff).
Mapping positional arguments of cell s13207.DFF_113 (dff).
Mapping positional arguments of cell s13207.DFF_112 (dff).
Mapping positional arguments of cell s13207.DFF_111 (dff).
Mapping positional arguments of cell s13207.DFF_110 (dff).
Mapping positional arguments of cell s13207.DFF_109 (dff).
Mapping positional arguments of cell s13207.DFF_108 (dff).
Mapping positional arguments of cell s13207.DFF_107 (dff).
Mapping positional arguments of cell s13207.DFF_106 (dff).
Mapping positional arguments of cell s13207.DFF_105 (dff).
Mapping positional arguments of cell s13207.DFF_104 (dff).
Mapping positional arguments of cell s13207.DFF_103 (dff).
Mapping positional arguments of cell s13207.DFF_102 (dff).
Mapping positional arguments of cell s13207.DFF_101 (dff).
Mapping positional arguments of cell s13207.DFF_100 (dff).
Mapping positional arguments of cell s13207.DFF_99 (dff).
Mapping positional arguments of cell s13207.DFF_98 (dff).
Mapping positional arguments of cell s13207.DFF_97 (dff).
Mapping positional arguments of cell s13207.DFF_96 (dff).
Mapping positional arguments of cell s13207.DFF_95 (dff).
Mapping positional arguments of cell s13207.DFF_94 (dff).
Mapping positional arguments of cell s13207.DFF_93 (dff).
Mapping positional arguments of cell s13207.DFF_92 (dff).
Mapping positional arguments of cell s13207.DFF_91 (dff).
Mapping positional arguments of cell s13207.DFF_90 (dff).
Mapping positional arguments of cell s13207.DFF_89 (dff).
Mapping positional arguments of cell s13207.DFF_88 (dff).
Mapping positional arguments of cell s13207.DFF_87 (dff).
Mapping positional arguments of cell s13207.DFF_86 (dff).
Mapping positional arguments of cell s13207.DFF_85 (dff).
Mapping positional arguments of cell s13207.DFF_84 (dff).
Mapping positional arguments of cell s13207.DFF_83 (dff).
Mapping positional arguments of cell s13207.DFF_82 (dff).
Mapping positional arguments of cell s13207.DFF_81 (dff).
Mapping positional arguments of cell s13207.DFF_80 (dff).
Mapping positional arguments of cell s13207.DFF_79 (dff).
Mapping positional arguments of cell s13207.DFF_78 (dff).
Mapping positional arguments of cell s13207.DFF_77 (dff).
Mapping positional arguments of cell s13207.DFF_76 (dff).
Mapping positional arguments of cell s13207.DFF_75 (dff).
Mapping positional arguments of cell s13207.DFF_74 (dff).
Mapping positional arguments of cell s13207.DFF_73 (dff).
Mapping positional arguments of cell s13207.DFF_72 (dff).
Mapping positional arguments of cell s13207.DFF_71 (dff).
Mapping positional arguments of cell s13207.DFF_70 (dff).
Mapping positional arguments of cell s13207.DFF_69 (dff).
Mapping positional arguments of cell s13207.DFF_68 (dff).
Mapping positional arguments of cell s13207.DFF_67 (dff).
Mapping positional arguments of cell s13207.DFF_66 (dff).
Mapping positional arguments of cell s13207.DFF_65 (dff).
Mapping positional arguments of cell s13207.DFF_64 (dff).
Mapping positional arguments of cell s13207.DFF_63 (dff).
Mapping positional arguments of cell s13207.DFF_62 (dff).
Mapping positional arguments of cell s13207.DFF_61 (dff).
Mapping positional arguments of cell s13207.DFF_60 (dff).
Mapping positional arguments of cell s13207.DFF_59 (dff).
Mapping positional arguments of cell s13207.DFF_58 (dff).
Mapping positional arguments of cell s13207.DFF_57 (dff).
Mapping positional arguments of cell s13207.DFF_56 (dff).
Mapping positional arguments of cell s13207.DFF_55 (dff).
Mapping positional arguments of cell s13207.DFF_54 (dff).
Mapping positional arguments of cell s13207.DFF_53 (dff).
Mapping positional arguments of cell s13207.DFF_52 (dff).
Mapping positional arguments of cell s13207.DFF_51 (dff).
Mapping positional arguments of cell s13207.DFF_50 (dff).
Mapping positional arguments of cell s13207.DFF_49 (dff).
Mapping positional arguments of cell s13207.DFF_48 (dff).
Mapping positional arguments of cell s13207.DFF_47 (dff).
Mapping positional arguments of cell s13207.DFF_46 (dff).
Mapping positional arguments of cell s13207.DFF_45 (dff).
Mapping positional arguments of cell s13207.DFF_44 (dff).
Mapping positional arguments of cell s13207.DFF_43 (dff).
Mapping positional arguments of cell s13207.DFF_42 (dff).
Mapping positional arguments of cell s13207.DFF_41 (dff).
Mapping positional arguments of cell s13207.DFF_40 (dff).
Mapping positional arguments of cell s13207.DFF_39 (dff).
Mapping positional arguments of cell s13207.DFF_38 (dff).
Mapping positional arguments of cell s13207.DFF_37 (dff).
Mapping positional arguments of cell s13207.DFF_36 (dff).
Mapping positional arguments of cell s13207.DFF_35 (dff).
Mapping positional arguments of cell s13207.DFF_34 (dff).
Mapping positional arguments of cell s13207.DFF_33 (dff).
Mapping positional arguments of cell s13207.DFF_32 (dff).
Mapping positional arguments of cell s13207.DFF_31 (dff).
Mapping positional arguments of cell s13207.DFF_30 (dff).
Mapping positional arguments of cell s13207.DFF_29 (dff).
Mapping positional arguments of cell s13207.DFF_28 (dff).
Mapping positional arguments of cell s13207.DFF_27 (dff).
Mapping positional arguments of cell s13207.DFF_26 (dff).
Mapping positional arguments of cell s13207.DFF_25 (dff).
Mapping positional arguments of cell s13207.DFF_24 (dff).
Mapping positional arguments of cell s13207.DFF_23 (dff).
Mapping positional arguments of cell s13207.DFF_22 (dff).
Mapping positional arguments of cell s13207.DFF_21 (dff).
Mapping positional arguments of cell s13207.DFF_20 (dff).
Mapping positional arguments of cell s13207.DFF_19 (dff).
Mapping positional arguments of cell s13207.DFF_18 (dff).
Mapping positional arguments of cell s13207.DFF_17 (dff).
Mapping positional arguments of cell s13207.DFF_16 (dff).
Mapping positional arguments of cell s13207.DFF_15 (dff).
Mapping positional arguments of cell s13207.DFF_14 (dff).
Mapping positional arguments of cell s13207.DFF_13 (dff).
Mapping positional arguments of cell s13207.DFF_12 (dff).
Mapping positional arguments of cell s13207.DFF_11 (dff).
Mapping positional arguments of cell s13207.DFF_10 (dff).
Mapping positional arguments of cell s13207.DFF_9 (dff).
Mapping positional arguments of cell s13207.DFF_8 (dff).
Mapping positional arguments of cell s13207.DFF_7 (dff).
Mapping positional arguments of cell s13207.DFF_6 (dff).
Mapping positional arguments of cell s13207.DFF_5 (dff).
Mapping positional arguments of cell s13207.DFF_4 (dff).
Mapping positional arguments of cell s13207.DFF_3 (dff).
Mapping positional arguments of cell s13207.DFF_2 (dff).
Mapping positional arguments of cell s13207.DFF_1 (dff).
Mapping positional arguments of cell s13207.DFF_0 (dff).

2.2. Executing PROC pass (convert processes to netlists).

2.2.1. Executing PROC_CLEAN pass (remove empty switches from decision trees).
Cleaned up 0 empty switches.

2.2.2. Executing PROC_RMDEAD pass (remove dead branches from decision trees).
Removed a total of 0 dead cases.

2.2.3. Executing PROC_PRUNE pass (remove redundant assignments in processes).
Removed 0 redundant assignments.
Promoted 1 assignment to connection.

2.2.4. Executing PROC_INIT pass (extract init attributes).

2.2.5. Executing PROC_ARST pass (detect async resets in processes).

2.2.6. Executing PROC_ROM pass (convert switches to ROMs).
Converted 0 switches.

2.2.7. Executing PROC_MUX pass (convert decision trees to multiplexers).
Creating decoders for process `\dff.$proc$/home/filippo/Scrivania/proveSintesi/fault/ISCAS89/s13207/s13207.v:11$1'.

2.2.8. Executing PROC_DLATCH pass (convert process syncs to latches).

2.2.9. Executing PROC_DFF pass (convert process syncs to FFs).
Creating register for signal `\dff.\Q' using process `\dff.$proc$/home/filippo/Scrivania/proveSintesi/fault/ISCAS89/s13207/s13207.v:11$1'.
  created $dff cell `$procdff$9541' with positive edge clock.

2.2.10. Executing PROC_MEMWR pass (convert process memory writes to cells).

2.2.11. Executing PROC_CLEAN pass (remove empty switches from decision trees).
Removing empty process `dff.$proc$/home/filippo/Scrivania/proveSintesi/fault/ISCAS89/s13207/s13207.v:11$1'.
Cleaned up 0 empty switches.

2.2.12. Executing OPT_EXPR pass (perform const folding).
Optimizing module s13207.
<suppressed ~2584 debug messages>
Optimizing module dff.

2.3. Executing OPT_EXPR pass (perform const folding).
Optimizing module s13207.
Optimizing module dff.

2.4. Executing OPT_CLEAN pass (remove unused cells and wires).
Finding unused cells or wires in module \s13207..
Finding unused cells or wires in module \dff..
Removed 2496 unused cells and 10562 unused wires.
<suppressed ~4981 debug messages>

2.5. Executing CHECK pass (checking for obvious problems).
Checking module dff...
Checking module s13207...
Found and reported 0 problems.

2.6. Executing OPT pass (performing simple optimizations).

2.6.1. Executing OPT_EXPR pass (perform const folding).
Optimizing module dff.
Optimizing module s13207.

2.6.2. Executing OPT_MERGE pass (detect identical cells).
Finding identical cells in module `\dff'.
Finding identical cells in module `\s13207'.
<suppressed ~2226 debug messages>
Removed a total of 742 cells.

2.6.3. Executing OPT_MUXTREE pass (detect dead branches in mux trees).
Running muxtree optimizer on module \dff..
  Creating internal representation of mux trees.
  No muxes found in this module.
Running muxtree optimizer on module \s13207..
  Creating internal representation of mux trees.
  No muxes found in this module.
Removed 0 multiplexer ports.

2.6.4. Executing OPT_REDUCE pass (consolidate $*mux and $reduce_* inputs).
  Optimizing cells in module \dff.
  Optimizing cells in module \s13207.
Performed a total of 0 changes.

2.6.5. Executing OPT_MERGE pass (detect identical cells).
Finding identical cells in module `\dff'.
Finding identical cells in module `\s13207'.
Removed a total of 0 cells.

2.6.6. Executing OPT_DFF pass (perform DFF optimizations).

2.6.7. Executing OPT_CLEAN pass (remove unused cells and wires).
Finding unused cells or wires in module \dff..
Finding unused cells or wires in module \s13207..
Removed 0 unused cells and 376 unused wires.
<suppressed ~15 debug messages>

2.6.8. Executing OPT_EXPR pass (perform const folding).
Optimizing module dff.
Optimizing module s13207.

2.6.9. Rerunning OPT passes. (Maybe there is more to do..)

2.6.10. Executing OPT_MUXTREE pass (detect dead branches in mux trees).
Running muxtree optimizer on module \dff..
  Creating internal representation of mux trees.
  No muxes found in this module.
Running muxtree optimizer on module \s13207..
  Creating internal representation of mux trees.
  No muxes found in this module.
Removed 0 multiplexer ports.

2.6.11. Executing OPT_REDUCE pass (consolidate $*mux and $reduce_* inputs).
  Optimizing cells in module \dff.
  Optimizing cells in module \s13207.
Performed a total of 0 changes.

2.6.12. Executing OPT_MERGE pass (detect identical cells).
Finding identical cells in module `\dff'.
Finding identical cells in module `\s13207'.
Removed a total of 0 cells.

2.6.13. Executing OPT_DFF pass (perform DFF optimizations).

2.6.14. Executing OPT_CLEAN pass (remove unused cells and wires).
Finding unused cells or wires in module \dff..
Finding unused cells or wires in module \s13207..

2.6.15. Executing OPT_EXPR pass (perform const folding).
Optimizing module dff.
Optimizing module s13207.

2.6.16. Finished OPT passes. (There is nothing left to do.)

2.7. Executing FSM pass (extract and optimize FSM).

2.7.1. Executing FSM_DETECT pass (finding FSMs in design).

2.7.2. Executing FSM_EXTRACT pass (extracting FSM from design).

2.7.3. Executing FSM_OPT pass (simple optimizations of FSMs).

2.7.4. Executing OPT_CLEAN pass (remove unused cells and wires).
Finding unused cells or wires in module \dff..
Finding unused cells or wires in module \s13207..

2.7.5. Executing FSM_OPT pass (simple optimizations of FSMs).

2.7.6. Executing FSM_RECODE pass (re-assigning FSM state encoding).

2.7.7. Executing FSM_INFO pass (dumping all available information on FSM cells).

2.7.8. Executing FSM_MAP pass (mapping FSMs to basic logic).

2.8. Executing OPT pass (performing simple optimizations).

2.8.1. Executing OPT_EXPR pass (perform const folding).
Optimizing module dff.
Optimizing module s13207.

2.8.2. Executing OPT_MERGE pass (detect identical cells).
Finding identical cells in module `\dff'.
Finding identical cells in module `\s13207'.
Removed a total of 0 cells.

2.8.3. Executing OPT_MUXTREE pass (detect dead branches in mux trees).
Running muxtree optimizer on module \dff..
  Creating internal representation of mux trees.
  No muxes found in this module.
Running muxtree optimizer on module \s13207..
  Creating internal representation of mux trees.
  No muxes found in this module.
Removed 0 multiplexer ports.

2.8.4. Executing OPT_REDUCE pass (consolidate $*mux and $reduce_* inputs).
  Optimizing cells in module \dff.
  Optimizing cells in module \s13207.
Performed a total of 0 changes.

2.8.5. Executing OPT_MERGE pass (detect identical cells).
Finding identical cells in module `\dff'.
Finding identical cells in module `\s13207'.
Removed a total of 0 cells.

2.8.6. Executing OPT_DFF pass (perform DFF optimizations).

2.8.7. Executing OPT_CLEAN pass (remove unused cells and wires).
Finding unused cells or wires in module \dff..
Finding unused cells or wires in module \s13207..

2.8.8. Executing OPT_EXPR pass (perform const folding).
Optimizing module dff.
Optimizing module s13207.

2.8.9. Finished OPT passes. (There is nothing left to do.)

2.9. Executing WREDUCE pass (reducing word size of cells).

2.10. Executing PEEPOPT pass (run peephole optimizers).

2.11. Executing OPT_CLEAN pass (remove unused cells and wires).
Finding unused cells or wires in module \dff..
Finding unused cells or wires in module \s13207..

2.12. Executing ALUMACC pass (create $alu and $macc cells).
Extracting $alu and $macc cells in module dff:
  created 0 $alu and 0 $macc cells.
Extracting $alu and $macc cells in module s13207:
  created 0 $alu and 0 $macc cells.

2.13. Executing SHARE pass (SAT-based resource sharing).

2.14. Executing OPT pass (performing simple optimizations).

2.14.1. Executing OPT_EXPR pass (perform const folding).
Optimizing module dff.
Optimizing module s13207.

2.14.2. Executing OPT_MERGE pass (detect identical cells).
Finding identical cells in module `\dff'.
Finding identical cells in module `\s13207'.
Removed a total of 0 cells.

2.14.3. Executing OPT_MUXTREE pass (detect dead branches in mux trees).
Running muxtree optimizer on module \dff..
  Creating internal representation of mux trees.
  No muxes found in this module.
Running muxtree optimizer on module \s13207..
  Creating internal representation of mux trees.
  No muxes found in this module.
Removed 0 multiplexer ports.

2.14.4. Executing OPT_REDUCE pass (consolidate $*mux and $reduce_* inputs).
  Optimizing cells in module \dff.
  Optimizing cells in module \s13207.
Performed a total of 0 changes.

2.14.5. Executing OPT_MERGE pass (detect identical cells).
Finding identical cells in module `\dff'.
Finding identical cells in module `\s13207'.
Removed a total of 0 cells.

2.14.6. Executing OPT_DFF pass (perform DFF optimizations).

2.14.7. Executing OPT_CLEAN pass (remove unused cells and wires).
Finding unused cells or wires in module \dff..
Finding unused cells or wires in module \s13207..

2.14.8. Executing OPT_EXPR pass (perform const folding).
Optimizing module dff.
Optimizing module s13207.

2.14.9. Finished OPT passes. (There is nothing left to do.)

2.15. Executing MEMORY pass.

2.15.1. Executing OPT_MEM pass (optimize memories).
Performed a total of 0 transformations.

2.15.2. Executing OPT_MEM_PRIORITY pass (removing unnecessary memory write priority relations).
Performed a total of 0 transformations.

2.15.3. Executing OPT_MEM_FEEDBACK pass (finding memory read-to-write feedback paths).

2.15.4. Executing MEMORY_BMUX2ROM pass (converting muxes to ROMs).

2.15.5. Executing MEMORY_DFF pass (merging $dff cells to $memrd).

2.15.6. Executing OPT_CLEAN pass (remove unused cells and wires).
Finding unused cells or wires in module \dff..
Finding unused cells or wires in module \s13207..

2.15.7. Executing MEMORY_SHARE pass (consolidating $memrd/$memwr cells).

2.15.8. Executing OPT_MEM_WIDEN pass (optimize memories where all ports are wide).
Performed a total of 0 transformations.

2.15.9. Executing OPT_CLEAN pass (remove unused cells and wires).
Finding unused cells or wires in module \dff..
Finding unused cells or wires in module \s13207..

2.15.10. Executing MEMORY_COLLECT pass (generating $mem cells).

2.16. Executing OPT_CLEAN pass (remove unused cells and wires).
Finding unused cells or wires in module \dff..
Finding unused cells or wires in module \s13207..

2.17. Executing OPT pass (performing simple optimizations).

2.17.1. Executing OPT_EXPR pass (perform const folding).
Optimizing module dff.
Optimizing module s13207.

2.17.2. Executing OPT_MERGE pass (detect identical cells).
Finding identical cells in module `\dff'.
Finding identical cells in module `\s13207'.
Removed a total of 0 cells.

2.17.3. Executing OPT_DFF pass (perform DFF optimizations).

2.17.4. Executing OPT_CLEAN pass (remove unused cells and wires).
Finding unused cells or wires in module \dff..
Finding unused cells or wires in module \s13207..

2.17.5. Finished fast OPT passes.

2.18. Executing MEMORY_MAP pass (converting memories to logic and flip-flops).

2.19. Executing OPT pass (performing simple optimizations).

2.19.1. Executing OPT_EXPR pass (perform const folding).
Optimizing module dff.
Optimizing module s13207.

2.19.2. Executing OPT_MERGE pass (detect identical cells).
Finding identical cells in module `\dff'.
Finding identical cells in module `\s13207'.
Removed a total of 0 cells.

2.19.3. Executing OPT_MUXTREE pass (detect dead branches in mux trees).
Running muxtree optimizer on module \dff..
  Creating internal representation of mux trees.
  No muxes found in this module.
Running muxtree optimizer on module \s13207..
  Creating internal representation of mux trees.
  No muxes found in this module.
Removed 0 multiplexer ports.

2.19.4. Executing OPT_REDUCE pass (consolidate $*mux and $reduce_* inputs).
  Optimizing cells in module \dff.
  Optimizing cells in module \s13207.
Performed a total of 0 changes.

2.19.5. Executing OPT_MERGE pass (detect identical cells).
Finding identical cells in module `\dff'.
Finding identical cells in module `\s13207'.
Removed a total of 0 cells.

2.19.6. Executing OPT_SHARE pass.

2.19.7. Executing OPT_DFF pass (perform DFF optimizations).

2.19.8. Executing OPT_CLEAN pass (remove unused cells and wires).
Finding unused cells or wires in module \dff..
Finding unused cells or wires in module \s13207..

2.19.9. Executing OPT_EXPR pass (perform const folding).
Optimizing module dff.
Optimizing module s13207.

2.19.10. Finished OPT passes. (There is nothing left to do.)

2.20. Executing TECHMAP pass (map to technology primitives).

2.20.1. Executing Verilog-2005 frontend: /usr/bin/../share/yosys/techmap.v
Parsing Verilog input from `/usr/bin/../share/yosys/techmap.v' to AST representation.
Generating RTLIL representation for module `\_90_simplemap_bool_ops'.
Generating RTLIL representation for module `\_90_simplemap_reduce_ops'.
Generating RTLIL representation for module `\_90_simplemap_logic_ops'.
Generating RTLIL representation for module `\_90_simplemap_compare_ops'.
Generating RTLIL representation for module `\_90_simplemap_various'.
Generating RTLIL representation for module `\_90_simplemap_registers'.
Generating RTLIL representation for module `\_90_shift_ops_shr_shl_sshl_sshr'.
Generating RTLIL representation for module `\_90_shift_shiftx'.
Generating RTLIL representation for module `\_90_fa'.
Generating RTLIL representation for module `\_90_lcu'.
Generating RTLIL representation for module `\_90_alu'.
Generating RTLIL representation for module `\_90_macc'.
Generating RTLIL representation for module `\_90_alumacc'.
Generating RTLIL representation for module `\$__div_mod_u'.
Generating RTLIL representation for module `\$__div_mod_trunc'.
Generating RTLIL representation for module `\_90_div'.
Generating RTLIL representation for module `\_90_mod'.
Generating RTLIL representation for module `\$__div_mod_floor'.
Generating RTLIL representation for module `\_90_divfloor'.
Generating RTLIL representation for module `\_90_modfloor'.
Generating RTLIL representation for module `\_90_pow'.
Generating RTLIL representation for module `\_90_pmux'.
Generating RTLIL representation for module `\_90_demux'.
Generating RTLIL representation for module `\_90_lut'.
Successfully finished Verilog frontend.

2.20.2. Continuing TECHMAP pass.
Using extmapper simplemap for cells of type $and.
Using extmapper simplemap for cells of type $or.
Using extmapper simplemap for cells of type $not.
Using extmapper simplemap for cells of type $dff.
No more expansions possible.
<suppressed ~3802 debug messages>

2.21. Executing OPT pass (performing simple optimizations).

2.21.1. Executing OPT_EXPR pass (perform const folding).
Optimizing module dff.
Optimizing module s13207.

2.21.2. Executing OPT_MERGE pass (detect identical cells).
Finding identical cells in module `\dff'.
Finding identical cells in module `\s13207'.
Removed a total of 0 cells.

2.21.3. Executing OPT_DFF pass (perform DFF optimizations).

2.21.4. Executing OPT_CLEAN pass (remove unused cells and wires).
Finding unused cells or wires in module \dff..
Finding unused cells or wires in module \s13207..

2.21.5. Finished fast OPT passes.

2.22. Executing ABC pass (technology mapping using ABC).

2.22.1. Extracting gate netlist of module `\dff' to `<abc-temp-dir>/input.blif'..
Extracted 0 gates and 0 wires to a netlist network with 0 inputs and 0 outputs.
Don't call ABC as there is nothing to map.
Removing temp directory.

2.22.2. Extracting gate netlist of module `\s13207' to `<abc-temp-dir>/input.blif'..
Extracted 3728 gates and 4343 wires to a netlist network with 615 inputs and 403 outputs.

2.22.2.1. Executing ABC.
Running ABC command: "<yosys-exe-dir>/yosys-abc" -s -f <abc-temp-dir>/abc.script 2>&1
ABC: ABC command line: "source <abc-temp-dir>/abc.script".
ABC: 
ABC: + read_blif <abc-temp-dir>/input.blif 
ABC: + read_library <abc-temp-dir>/stdcells.genlib 
ABC: Entered genlib library with 13 gates from file "<abc-temp-dir>/stdcells.genlib".
ABC: + strash 
ABC: + dretime 
ABC: + map 
ABC: + write_blif <abc-temp-dir>/output.blif 

2.22.2.2. Re-integrating ABC results.
ABC RESULTS:               NOT cells:       82
ABC RESULTS:              NAND cells:       75
ABC RESULTS:                OR cells:      481
ABC RESULTS:               NOR cells:       38
ABC RESULTS:              XNOR cells:       27
ABC RESULTS:               AND cells:       95
ABC RESULTS:               XOR cells:      164
ABC RESULTS:               MUX cells:      213
ABC RESULTS:             ORNOT cells:       82
ABC RESULTS:            ANDNOT cells:      493
ABC RESULTS:        internal signals:     3325
ABC RESULTS:           input signals:      615
ABC RESULTS:          output signals:      403
Removing temp directory.

2.23. Executing OPT pass (performing simple optimizations).

2.23.1. Executing OPT_EXPR pass (perform const folding).
Optimizing module dff.
Optimizing module s13207.
<suppressed ~32 debug messages>

2.23.2. Executing OPT_MERGE pass (detect identical cells).
Finding identical cells in module `\dff'.
Finding identical cells in module `\s13207'.
Removed a total of 0 cells.

2.23.3. Executing OPT_DFF pass (perform DFF optimizations).

2.23.4. Executing OPT_CLEAN pass (remove unused cells and wires).
Finding unused cells or wires in module \dff..
Finding unused cells or wires in module \s13207..
Removed 3 unused cells and 4991 unused wires.
<suppressed ~2875 debug messages>

2.23.5. Finished fast OPT passes.

2.24. Executing HIERARCHY pass (managing design hierarchy).

2.24.1. Analyzing design hierarchy..
Top module:  \s13207
Used module:     \dff

2.24.2. Analyzing design hierarchy..
Top module:  \s13207
Used module:     \dff
Removed 0 unused modules.

2.25. Printing statistics.

=== dff ===

   Number of wires:                  3
   Number of wire bits:              3
   Number of public wires:           3
   Number of public wire bits:       3
   Number of memories:               0
   Number of memory bits:            0
   Number of processes:              0
   Number of cells:                  1
     $_DFF_P_                        1

=== s13207 ===

   Number of wires:               4629
   Number of wire bits:           4629
   Number of public wires:        3285
   Number of public wire bits:    3285
   Number of memories:               0
   Number of memory bits:            0
   Number of processes:              0
   Number of cells:               2374
     $_ANDNOT_                     493
     $_AND_                         95
     $_MUX_                        213
     $_NAND_                        75
     $_NOR_                         38
     $_NOT_                         79
     $_ORNOT_                       82
     $_OR_                         481
     $_XNOR_                        27
     $_XOR_                        164
     dff                           627

=== design hierarchy ===

   s13207                            1
     dff                           627

   Number of wires:               6510
   Number of wire bits:           6510
   Number of public wires:        5166
   Number of public wire bits:    5166
   Number of memories:               0
   Number of memory bits:            0
   Number of processes:              0
   Number of cells:               2374
     $_ANDNOT_                     493
     $_AND_                         95
     $_DFF_P_                      627
     $_MUX_                        213
     $_NAND_                        75
     $_NOR_                         38
     $_NOT_                         79
     $_ORNOT_                       82
     $_OR_                         481
     $_XNOR_                        27
     $_XOR_                        164

2.26. Executing CHECK pass (checking for obvious problems).
Checking module dff...
Checking module s13207...
Found and reported 0 problems.

3. Executing FLATTEN pass (flatten design).
Deleting now unused module dff.
<suppressed ~627 debug messages>

4. Executing DFFLIBMAP pass (mapping DFF cells to sequential cells from liberty file).
Warning: Found unsupported expression 'SE*SI+!SE*D' in pin attribute of cell 'SDFFRNQ_X1' - skipping.
Warning: Found unsupported expression 'SE*SI+!SE*D' in pin attribute of cell 'SDFFSNQ_X1' - skipping.
Warning: Found unsupported expression 'SE*SI+!SE*D' in pin attribute of cell 'SDFFRNQ_X1' - skipping.
Warning: Found unsupported expression 'SE*SI+!SE*D' in pin attribute of cell 'SDFFSNQ_X1' - skipping.
  cell DFFRNQ_X1 (noninv, pins=4, area=1.28) is a direct match for cell type $_DFF_PN0_.
Warning: Found unsupported expression 'SE*SI+!SE*D' in pin attribute of cell 'SDFFRNQ_X1' - skipping.
Warning: Found unsupported expression 'SE*SI+!SE*D' in pin attribute of cell 'SDFFSNQ_X1' - skipping.
  cell DFFSNQ_X1 (noninv, pins=4, area=1.28) is a direct match for cell type $_DFF_PN1_.
Warning: Found unsupported expression 'SE*SI+!SE*D' in pin attribute of cell 'SDFFRNQ_X1' - skipping.
Warning: Found unsupported expression 'SE*SI+!SE*D' in pin attribute of cell 'SDFFSNQ_X1' - skipping.
Warning: Found unsupported expression 'SE*SI+!SE*D' in pin attribute of cell 'SDFFRNQ_X1' - skipping.
Warning: Found unsupported expression 'SE*SI+!SE*D' in pin attribute of cell 'SDFFSNQ_X1' - skipping.
Warning: Found unsupported expression 'SE*SI+!SE*D' in pin attribute of cell 'SDFFRNQ_X1' - skipping.
Warning: Found unsupported expression 'SE*SI+!SE*D' in pin attribute of cell 'SDFFSNQ_X1' - skipping.
Warning: Found unsupported expression 'SE*SI+!SE*D' in pin attribute of cell 'SDFFRNQ_X1' - skipping.
Warning: Found unsupported expression 'SE*SI+!SE*D' in pin attribute of cell 'SDFFSNQ_X1' - skipping.
Warning: Found unsupported expression 'SE*SI+!SE*D' in pin attribute of cell 'SDFFRNQ_X1' - skipping.
Warning: Found unsupported expression 'SE*SI+!SE*D' in pin attribute of cell 'SDFFSNQ_X1' - skipping.
Warning: Found unsupported expression 'SE*SI+!SE*D' in pin attribute of cell 'SDFFRNQ_X1' - skipping.
Warning: Found unsupported expression 'SE*SI+!SE*D' in pin attribute of cell 'SDFFSNQ_X1' - skipping.
  final dff cell mappings:
    unmapped dff cell: $_DFF_N_
    unmapped dff cell: $_DFF_P_
    unmapped dff cell: $_DFF_NN0_
    unmapped dff cell: $_DFF_NN1_
    unmapped dff cell: $_DFF_NP0_
    unmapped dff cell: $_DFF_NP1_
    \DFFRNQ_X1 _DFF_PN0_ (.CLK( C), .D( D), .Q( Q), .RN( R));
    \DFFSNQ_X1 _DFF_PN1_ (.CLK( C), .D( D), .Q( Q), .SN( R));
    unmapped dff cell: $_DFF_PP0_
    unmapped dff cell: $_DFF_PP1_
    unmapped dff cell: $_DFFSR_NNN_
    unmapped dff cell: $_DFFSR_NNP_
    unmapped dff cell: $_DFFSR_NPN_
    unmapped dff cell: $_DFFSR_NPP_
    unmapped dff cell: $_DFFSR_PNN_
    unmapped dff cell: $_DFFSR_PNP_
    unmapped dff cell: $_DFFSR_PPN_
    unmapped dff cell: $_DFFSR_PPP_

4.1. Executing DFFLEGALIZE pass (convert FFs to types supported by the target).
Mapping DFF cells in module `\s13207':
  mapped 627 $_DFF_PN0_ cells to \DFFRNQ_X1 cells.

5. Executing ABC pass (technology mapping using ABC).

5.1. Extracting gate netlist of module `\s13207' to `<abc-temp-dir>/input.blif'..
Extracted 1747 gates and 2362 wires to a netlist network with 615 inputs and 403 outputs.

5.1.1. Executing ABC.
Running ABC command: "<yosys-exe-dir>/yosys-abc" -s -f <abc-temp-dir>/abc.script 2>&1
ABC: ABC command line: "source <abc-temp-dir>/abc.script".
ABC: 
ABC: + read_blif <abc-temp-dir>/input.blif 
ABC: + read_lib -w /home/filippo/Scrivania/proveSintesi/Syn_libraries/15nm/CCS/NanGate_15nm_OCL_typical_conditional_ccs.lib 
ABC: Parsing finished successfully.  Parsing time =     0.58 sec
ABC: Scl_LibertyReadGenlib() skipped cell "ANTENNA" due to dont_use attribute.
ABC: Scl_LibertyReadGenlib() skipped cell "CLKGATETST_X1" without logic function.
ABC: Scl_LibertyReadGenlib() skipped sequential cell "DFFRNQ_X1".
ABC: Scl_LibertyReadGenlib() skipped sequential cell "DFFSNQ_X1".
ABC: Scl_LibertyReadGenlib() skipped cell "FILLTIE" due to dont_use attribute.
ABC: Scl_LibertyReadGenlib() skipped cell "FILL_X1" due to dont_use attribute.
ABC: Scl_LibertyReadGenlib() skipped cell "FILL_X2" due to dont_use attribute.
ABC: Scl_LibertyReadGenlib() skipped cell "FILL_X4" due to dont_use attribute.
ABC: Scl_LibertyReadGenlib() skipped cell "FILL_X8" due to dont_use attribute.
ABC: Scl_LibertyReadGenlib() skipped cell "FILL_X16" due to dont_use attribute.
ABC: Scl_LibertyReadGenlib() skipped sequential cell "LHQ_X1".
ABC: Scl_LibertyReadGenlib() skipped sequential cell "SDFFRNQ_X1".
ABC: Scl_LibertyReadGenlib() skipped sequential cell "SDFFSNQ_X1".
ABC: Scl_LibertyReadGenlib() skipped three-state cell "TBUF_X1".
ABC: Scl_LibertyReadGenlib() skipped three-state cell "TBUF_X2".
ABC: Scl_LibertyReadGenlib() skipped three-state cell "TBUF_X4".
ABC: Scl_LibertyReadGenlib() skipped three-state cell "TBUF_X8".
ABC: Scl_LibertyReadGenlib() skipped three-state cell "TBUF_X12".
ABC: Scl_LibertyReadGenlib() skipped three-state cell "TBUF_X16".
ABC: Scl_LibertyReadGenlib() skipped cell "TIEH" due to dont_use attribute.
ABC: Scl_LibertyReadGenlib() skipped cell "TIEL" due to dont_use attribute.
ABC: Library "NanGate_15nm_OCL" from "/home/filippo/Scrivania/proveSintesi/Syn_libraries/15nm/CCS/NanGate_15nm_OCL_typical_conditional_ccs.lib" has 55 cells (12 skipped: 5 seq; 6 tri-state; 1 no func; 9 dont_use).  Time =     0.59 sec
ABC: Memory =  176.75 MB. Time =     0.59 sec
ABC: Warning: Detected 2 multi-output gates (for example, "FA_X1").
ABC: + strash 
ABC: + &get -n 
ABC: + &fraig -x 
ABC: + &put 
ABC: + scorr 
ABC: Warning: The network is combinational (run "fraig" or "fraig_sweep").
ABC: + dc2 
ABC: + dretime 
ABC: + strash 
ABC: + &get -n 
ABC: + &dch -f 
ABC: + &nf 
ABC: + &put 
ABC: + write_blif <abc-temp-dir>/output.blif 

5.1.2. Re-integrating ABC results.
ABC RESULTS:          AOI22_X1 cells:      105
ABC RESULTS:          OAI22_X1 cells:        6
ABC RESULTS:           AND4_X1 cells:       19
ABC RESULTS:            INV_X1 cells:      110
ABC RESULTS:          NAND3_X1 cells:       42
ABC RESULTS:            OR3_X1 cells:       10
ABC RESULTS:            OR2_X1 cells:       18
ABC RESULTS:           MUX2_X1 cells:       37
ABC RESULTS:          NAND4_X1 cells:       33
ABC RESULTS:           NOR4_X1 cells:       46
ABC RESULTS:            OR4_X1 cells:        5
ABC RESULTS:          XNOR2_X1 cells:       43
ABC RESULTS:          OAI21_X1 cells:       79
ABC RESULTS:           AND2_X1 cells:       63
ABC RESULTS:          AOI21_X1 cells:       63
ABC RESULTS:           NOR3_X1 cells:       59
ABC RESULTS:           XOR2_X1 cells:       73
ABC RESULTS:          NAND2_X1 cells:      370
ABC RESULTS:           NOR2_X1 cells:      155
ABC RESULTS:           AND3_X1 cells:       26
ABC RESULTS:          _const0_ cells:        1
ABC RESULTS:            BUF_X1 cells:        1
ABC RESULTS:        internal signals:     1344
ABC RESULTS:           input signals:      615
ABC RESULTS:          output signals:      403
Removing temp directory.
Removed 0 unused cells and 2362 unused wires.

6. Executing Verilog backend.

6.1. Executing BMUXMAP pass.

6.2. Executing DEMUXMAP pass.
Dumping module `\s13207'.

Warnings: 2 unique messages, 18 total
End of script. Logfile hash: 05cfaeba8a, CPU: user 5.60s system 0.12s, MEM: 348.90 MB peak
Yosys 0.33 (git sha1 2584903a060)
Time spent: 19% 2x abc (1 sec), 18% 14x opt_expr (1 sec), ...
