
 /----------------------------------------------------------------------------\
 |  yosys -- Yosys Open SYnthesis Suite                                       |
 |  Copyright (C) 2012 - 2025  Claire Xenia Wolf <claire@yosyshq.com>         |
 |  Distributed under an ISC-like license, type "license" to see terms        |
 \----------------------------------------------------------------------------/
 Yosys 0.58+35 (git sha1 9a12d9255, clang++ 18.1.3 -fPIC -O3)

-- Executing script file `/home/filippo/Desktop/ode4ec/proveSintesi/fault/15nm/registersQueue/synth.ys' --

1. Executing Verilog-2005 frontend: /home/filippo/Desktop/ode4ec/faultTests/circuits/registerQueue/registersQueue.v
Parsing Verilog input from `/home/filippo/Desktop/ode4ec/faultTests/circuits/registerQueue/registersQueue.v' to AST representation.
verilog frontend filename /home/filippo/Desktop/ode4ec/faultTests/circuits/registerQueue/registersQueue.v
Generating RTLIL representation for module `\registersQueue'.
Successfully finished Verilog frontend.

2. Executing Verilog-2005 frontend: /home/filippo/Desktop/ode4ec/faultTests/circuits/registerQueue/register.v
Parsing Verilog input from `/home/filippo/Desktop/ode4ec/faultTests/circuits/registerQueue/register.v' to AST representation.
verilog frontend filename /home/filippo/Desktop/ode4ec/faultTests/circuits/registerQueue/register.v
Generating RTLIL representation for module `\register'.
Successfully finished Verilog frontend.

3. Executing SYNTH pass.

3.1. Executing HIERARCHY pass (managing design hierarchy).

3.1.1. Analyzing design hierarchy..
Top module:  \registersQueue
Used module:     \register

3.1.2. Analyzing design hierarchy..
Top module:  \registersQueue
Used module:     \register
Removed 0 unused modules.

3.2. Executing PROC pass (convert processes to netlists).

3.2.1. Executing PROC_CLEAN pass (remove empty switches from decision trees).
Cleaned up 0 empty switches.

3.2.2. Executing PROC_RMDEAD pass (remove dead branches from decision trees).
Marked 1 switch rules as full_case in process $proc$/home/filippo/Desktop/ode4ec/faultTests/circuits/registerQueue/register.v:8$1 in module register.
Removed a total of 0 dead cases.

3.2.3. Executing PROC_PRUNE pass (remove redundant assignments in processes).
Removed 1 redundant assignment.
Promoted 0 assignments to connections.

3.2.4. Executing PROC_INIT pass (extract init attributes).

3.2.5. Executing PROC_ARST pass (detect async resets in processes).
Found async reset \rst in `\register.$proc$/home/filippo/Desktop/ode4ec/faultTests/circuits/registerQueue/register.v:8$1'.

3.2.6. Executing PROC_ROM pass (convert switches to ROMs).
Converted 0 switches.

3.2.7. Executing PROC_MUX pass (convert decision trees to multiplexers).
Creating decoders for process `\register.$proc$/home/filippo/Desktop/ode4ec/faultTests/circuits/registerQueue/register.v:8$1'.
     1/1: $0\Q[0:0]

3.2.8. Executing PROC_DLATCH pass (convert process syncs to latches).

3.2.9. Executing PROC_DFF pass (convert process syncs to FFs).
Creating register for signal `\register.\Q' using process `\register.$proc$/home/filippo/Desktop/ode4ec/faultTests/circuits/registerQueue/register.v:8$1'.
  created $adff cell `$procdff$4' with positive edge clock and positive level reset.

3.2.10. Executing PROC_MEMWR pass (convert process memory writes to cells).

3.2.11. Executing PROC_CLEAN pass (remove empty switches from decision trees).
Removing empty process `register.$proc$/home/filippo/Desktop/ode4ec/faultTests/circuits/registerQueue/register.v:8$1'.
Cleaned up 0 empty switches.

3.2.12. Executing OPT_EXPR pass (perform const folding).
Optimizing module register.
<suppressed ~1 debug messages>
Optimizing module registersQueue.

3.3. Executing OPT_EXPR pass (perform const folding).
Optimizing module register.
Optimizing module registersQueue.

3.4. Executing OPT_CLEAN pass (remove unused cells and wires).
Finding unused cells or wires in module \register..
Finding unused cells or wires in module \registersQueue..
Removed 0 unused cells and 2 unused wires.
<suppressed ~1 debug messages>

3.5. Executing CHECK pass (checking for obvious problems).
Checking module register...
Checking module registersQueue...
Found and reported 0 problems.

3.6. Executing OPT pass (performing simple optimizations).

3.6.1. Executing OPT_EXPR pass (perform const folding).
Optimizing module register.
Optimizing module registersQueue.

3.6.2. Executing OPT_MERGE pass (detect identical cells).
Finding identical cells in module `\register'.
Finding identical cells in module `\registersQueue'.
Removed a total of 0 cells.

3.6.3. Executing OPT_MUXTREE pass (detect dead branches in mux trees).
Running muxtree optimizer on module \register..
  Creating internal representation of mux trees.
  No muxes found in this module.
Running muxtree optimizer on module \registersQueue..
  Creating internal representation of mux trees.
  No muxes found in this module.
Removed 0 multiplexer ports.

3.6.4. Executing OPT_REDUCE pass (consolidate $*mux and $reduce_* inputs).
  Optimizing cells in module \register.
  Optimizing cells in module \registersQueue.
Performed a total of 0 changes.

3.6.5. Executing OPT_MERGE pass (detect identical cells).
Finding identical cells in module `\register'.
Finding identical cells in module `\registersQueue'.
Removed a total of 0 cells.

3.6.6. Executing OPT_DFF pass (perform DFF optimizations).

3.6.7. Executing OPT_CLEAN pass (remove unused cells and wires).
Finding unused cells or wires in module \register..
Finding unused cells or wires in module \registersQueue..

3.6.8. Executing OPT_EXPR pass (perform const folding).
Optimizing module register.
Optimizing module registersQueue.

3.6.9. Finished fast OPT passes. (There is nothing left to do.)

3.7. Executing FSM pass (extract and optimize FSM).

3.7.1. Executing FSM_DETECT pass (finding FSMs in design).

3.7.2. Executing FSM_EXTRACT pass (extracting FSM from design).

3.7.3. Executing FSM_OPT pass (simple optimizations of FSMs).

3.7.4. Executing OPT_CLEAN pass (remove unused cells and wires).
Finding unused cells or wires in module \register..
Finding unused cells or wires in module \registersQueue..

3.7.5. Executing FSM_OPT pass (simple optimizations of FSMs).

3.7.6. Executing FSM_RECODE pass (re-assigning FSM state encoding).

3.7.7. Executing FSM_INFO pass (dumping all available information on FSM cells).

3.7.8. Executing FSM_MAP pass (mapping FSMs to basic logic).

3.8. Executing OPT pass (performing simple optimizations).

3.8.1. Executing OPT_EXPR pass (perform const folding).
Optimizing module register.
Optimizing module registersQueue.

3.8.2. Executing OPT_MERGE pass (detect identical cells).
Finding identical cells in module `\register'.
Finding identical cells in module `\registersQueue'.
Removed a total of 0 cells.

3.8.3. Executing OPT_MUXTREE pass (detect dead branches in mux trees).
Running muxtree optimizer on module \register..
  Creating internal representation of mux trees.
  No muxes found in this module.
Running muxtree optimizer on module \registersQueue..
  Creating internal representation of mux trees.
  No muxes found in this module.
Removed 0 multiplexer ports.

3.8.4. Executing OPT_REDUCE pass (consolidate $*mux and $reduce_* inputs).
  Optimizing cells in module \register.
  Optimizing cells in module \registersQueue.
Performed a total of 0 changes.

3.8.5. Executing OPT_MERGE pass (detect identical cells).
Finding identical cells in module `\register'.
Finding identical cells in module `\registersQueue'.
Removed a total of 0 cells.

3.8.6. Executing OPT_DFF pass (perform DFF optimizations).

3.8.7. Executing OPT_CLEAN pass (remove unused cells and wires).
Finding unused cells or wires in module \register..
Finding unused cells or wires in module \registersQueue..

3.8.8. Executing OPT_EXPR pass (perform const folding).
Optimizing module register.
Optimizing module registersQueue.

3.8.9. Finished fast OPT passes. (There is nothing left to do.)

3.9. Executing WREDUCE pass (reducing word size of cells).

3.10. Executing PEEPOPT pass (run peephole optimizers).

3.11. Executing OPT_CLEAN pass (remove unused cells and wires).
Finding unused cells or wires in module \register..
Finding unused cells or wires in module \registersQueue..

3.12. Executing ALUMACC pass (create $alu and $macc cells).
Extracting $alu and $macc cells in module register:
  created 0 $alu and 0 $macc cells.
Extracting $alu and $macc cells in module registersQueue:
  created 0 $alu and 0 $macc cells.

3.13. Executing SHARE pass (SAT-based resource sharing).

3.14. Executing OPT pass (performing simple optimizations).

3.14.1. Executing OPT_EXPR pass (perform const folding).
Optimizing module register.
Optimizing module registersQueue.

3.14.2. Executing OPT_MERGE pass (detect identical cells).
Finding identical cells in module `\register'.
Finding identical cells in module `\registersQueue'.
Removed a total of 0 cells.

3.14.3. Executing OPT_MUXTREE pass (detect dead branches in mux trees).
Running muxtree optimizer on module \register..
  Creating internal representation of mux trees.
  No muxes found in this module.
Running muxtree optimizer on module \registersQueue..
  Creating internal representation of mux trees.
  No muxes found in this module.
Removed 0 multiplexer ports.

3.14.4. Executing OPT_REDUCE pass (consolidate $*mux and $reduce_* inputs).
  Optimizing cells in module \register.
  Optimizing cells in module \registersQueue.
Performed a total of 0 changes.

3.14.5. Executing OPT_MERGE pass (detect identical cells).
Finding identical cells in module `\register'.
Finding identical cells in module `\registersQueue'.
Removed a total of 0 cells.

3.14.6. Executing OPT_DFF pass (perform DFF optimizations).

3.14.7. Executing OPT_CLEAN pass (remove unused cells and wires).
Finding unused cells or wires in module \register..
Finding unused cells or wires in module \registersQueue..

3.14.8. Executing OPT_EXPR pass (perform const folding).
Optimizing module register.
Optimizing module registersQueue.

3.14.9. Finished fast OPT passes. (There is nothing left to do.)

3.15. Executing MEMORY pass.

3.15.1. Executing OPT_MEM pass (optimize memories).
Performed a total of 0 transformations.

3.15.2. Executing OPT_MEM_PRIORITY pass (removing unnecessary memory write priority relations).
Performed a total of 0 transformations.

3.15.3. Executing OPT_MEM_FEEDBACK pass (finding memory read-to-write feedback paths).

3.15.4. Executing MEMORY_BMUX2ROM pass (converting muxes to ROMs).

3.15.5. Executing MEMORY_DFF pass (merging $dff cells to $memrd).

3.15.6. Executing OPT_CLEAN pass (remove unused cells and wires).
Finding unused cells or wires in module \register..
Finding unused cells or wires in module \registersQueue..

3.15.7. Executing MEMORY_SHARE pass (consolidating $memrd/$memwr cells).

3.15.8. Executing OPT_MEM_WIDEN pass (optimize memories where all ports are wide).
Performed a total of 0 transformations.

3.15.9. Executing OPT_CLEAN pass (remove unused cells and wires).
Finding unused cells or wires in module \register..
Finding unused cells or wires in module \registersQueue..

3.15.10. Executing MEMORY_COLLECT pass (generating $mem cells).

3.16. Executing OPT_CLEAN pass (remove unused cells and wires).
Finding unused cells or wires in module \register..
Finding unused cells or wires in module \registersQueue..

3.17. Executing OPT pass (performing simple optimizations).

3.17.1. Executing OPT_EXPR pass (perform const folding).
Optimizing module register.
Optimizing module registersQueue.

3.17.2. Executing OPT_MERGE pass (detect identical cells).
Finding identical cells in module `\register'.
Finding identical cells in module `\registersQueue'.
Removed a total of 0 cells.

3.17.3. Executing OPT_DFF pass (perform DFF optimizations).

3.17.4. Executing OPT_CLEAN pass (remove unused cells and wires).
Finding unused cells or wires in module \register..
Finding unused cells or wires in module \registersQueue..

3.17.5. Finished fast OPT passes.

3.18. Executing MEMORY_MAP pass (converting memories to logic and flip-flops).

3.19. Executing OPT pass (performing simple optimizations).

3.19.1. Executing OPT_EXPR pass (perform const folding).
Optimizing module register.
Optimizing module registersQueue.

3.19.2. Executing OPT_MERGE pass (detect identical cells).
Finding identical cells in module `\register'.
Finding identical cells in module `\registersQueue'.
Removed a total of 0 cells.

3.19.3. Executing OPT_MUXTREE pass (detect dead branches in mux trees).
Running muxtree optimizer on module \register..
  Creating internal representation of mux trees.
  No muxes found in this module.
Running muxtree optimizer on module \registersQueue..
  Creating internal representation of mux trees.
  No muxes found in this module.
Removed 0 multiplexer ports.

3.19.4. Executing OPT_REDUCE pass (consolidate $*mux and $reduce_* inputs).
  Optimizing cells in module \register.
  Optimizing cells in module \registersQueue.
Performed a total of 0 changes.

3.19.5. Executing OPT_MERGE pass (detect identical cells).
Finding identical cells in module `\register'.
Finding identical cells in module `\registersQueue'.
Removed a total of 0 cells.

3.19.6. Executing OPT_SHARE pass.

3.19.7. Executing OPT_DFF pass (perform DFF optimizations).

3.19.8. Executing OPT_CLEAN pass (remove unused cells and wires).
Finding unused cells or wires in module \register..
Finding unused cells or wires in module \registersQueue..

3.19.9. Executing OPT_EXPR pass (perform const folding).
Optimizing module register.
Optimizing module registersQueue.

3.19.10. Finished fast OPT passes. (There is nothing left to do.)

3.20. Executing TECHMAP pass (map to technology primitives).

3.20.1. Executing Verilog-2005 frontend: /usr/local/bin/../share/yosys/techmap.v
Parsing Verilog input from `/usr/local/bin/../share/yosys/techmap.v' to AST representation.
verilog frontend filename /usr/local/bin/../share/yosys/techmap.v
Generating RTLIL representation for module `\_90_simplemap_bool_ops'.
Generating RTLIL representation for module `\_90_simplemap_reduce_ops'.
Generating RTLIL representation for module `\_90_simplemap_logic_ops'.
Generating RTLIL representation for module `\_90_simplemap_compare_ops'.
Generating RTLIL representation for module `\_90_simplemap_various'.
Generating RTLIL representation for module `\_90_simplemap_registers'.
Generating RTLIL representation for module `\_90_shift_ops_shr_shl_sshl_sshr'.
Generating RTLIL representation for module `\_90_shift_shiftx'.
Generating RTLIL representation for module `\_90_fa'.
Generating RTLIL representation for module `\_90_lcu_brent_kung'.
Generating RTLIL representation for module `\_90_alu'.
Generating RTLIL representation for module `\_90_macc'.
Generating RTLIL representation for module `\_90_alumacc'.
Generating RTLIL representation for module `\$__div_mod_u'.
Generating RTLIL representation for module `\$__div_mod_trunc'.
Generating RTLIL representation for module `\_90_div'.
Generating RTLIL representation for module `\_90_mod'.
Generating RTLIL representation for module `\$__div_mod_floor'.
Generating RTLIL representation for module `\_90_divfloor'.
Generating RTLIL representation for module `\_90_modfloor'.
Generating RTLIL representation for module `\_90_pow'.
Generating RTLIL representation for module `\_90_pmux'.
Generating RTLIL representation for module `\_90_demux'.
Generating RTLIL representation for module `\_90_lut'.
Generating RTLIL representation for module `\$connect'.
Generating RTLIL representation for module `\$input_port'.
Successfully finished Verilog frontend.

3.20.2. Continuing TECHMAP pass.
Using extmapper simplemap for cells of type $adff.
No more expansions possible.
<suppressed ~78 debug messages>

3.21. Executing OPT pass (performing simple optimizations).

3.21.1. Executing OPT_EXPR pass (perform const folding).
Optimizing module register.
Optimizing module registersQueue.

3.21.2. Executing OPT_MERGE pass (detect identical cells).
Finding identical cells in module `\register'.
Finding identical cells in module `\registersQueue'.
Removed a total of 0 cells.

3.21.3. Executing OPT_DFF pass (perform DFF optimizations).

3.21.4. Executing OPT_CLEAN pass (remove unused cells and wires).
Finding unused cells or wires in module \register..
Finding unused cells or wires in module \registersQueue..

3.21.5. Finished fast OPT passes.

3.22. Executing ABC pass (technology mapping using ABC).

3.22.1. Extracting gate netlist of module `\register' to `<abc-temp-dir>/input.blif'..
Don't call ABC as there is nothing to map.

3.22.1.1. Executed ABC.
Extracted 0 gates and 0 wires to a netlist network with 0 inputs and 0 outputs.
Removing temp directory.

3.22.2. Extracting gate netlist of module `\registersQueue' to `<abc-temp-dir>/input.blif'..
Don't call ABC as there is nothing to map.

3.22.2.1. Executed ABC.
Extracted 0 gates and 0 wires to a netlist network with 0 inputs and 0 outputs.
Removing temp directory.
Removing global temp directory.

3.23. Executing OPT pass (performing simple optimizations).

3.23.1. Executing OPT_EXPR pass (perform const folding).
Optimizing module register.
Optimizing module registersQueue.

3.23.2. Executing OPT_MERGE pass (detect identical cells).
Finding identical cells in module `\register'.
Finding identical cells in module `\registersQueue'.
Removed a total of 0 cells.

3.23.3. Executing OPT_DFF pass (perform DFF optimizations).

3.23.4. Executing OPT_CLEAN pass (remove unused cells and wires).
Finding unused cells or wires in module \register..
Finding unused cells or wires in module \registersQueue..

3.23.5. Finished fast OPT passes.

3.24. Executing HIERARCHY pass (managing design hierarchy).
Attribute `top' found on module `registersQueue'. Setting top module to registersQueue.

3.24.1. Analyzing design hierarchy..
Top module:  \registersQueue
Used module:     \register

3.24.2. Analyzing design hierarchy..
Top module:  \registersQueue
Used module:     \register
Removed 0 unused modules.

3.25. Printing statistics.

=== register ===

        +----------Local Count, excluding submodules.
        | 
        4 wires
        4 wire bits
        4 public wires
        4 public wire bits
        4 ports
        4 port bits
        1 cells
        1   $_DFF_PP0_

=== registersQueue ===

        +----------Local Count, excluding submodules.
        | 
        5 wires
        5 wire bits
        5 public wires
        5 public wire bits
        4 ports
        4 port bits
        2 submodules
        2   register

=== design hierarchy ===

        +----------Count including submodules.
        | 
        2 registersQueue
        1 register

        +----------Count including submodules.
        | 
       13 wires
       13 wire bits
       13 public wires
       13 public wire bits
       12 ports
       12 port bits
        - memories
        - memory bits
        - processes
        2 cells
        2   $_DFF_PP0_
        2 submodules
        2   register

3.26. Executing CHECK pass (checking for obvious problems).
Checking module register...
Checking module registersQueue...
Found and reported 0 problems.

4. Executing FLATTEN pass (flatten design).
Deleting now unused module register.
<suppressed ~2 debug messages>

5. Executing DFFLIBMAP pass (mapping DFF cells to sequential cells from liberty file).
  cell DFFRNQ_X1 (noninv, pins=4, area=1.28) is a direct match for cell type $_DFF_PN0_.
  cell DFFSNQ_X1 (noninv, pins=4, area=1.28) is a direct match for cell type $_DFF_PN1_.
  final dff cell mappings:
    unmapped dff cell: $_DFF_N_
    unmapped dff cell: $_DFF_P_
    unmapped dff cell: $_DFF_NN0_
    unmapped dff cell: $_DFF_NN1_
    unmapped dff cell: $_DFF_NP0_
    unmapped dff cell: $_DFF_NP1_
    \DFFRNQ_X1 _DFF_PN0_ (.CLK( C), .D( D), .Q( Q), .RN( R));
    \DFFSNQ_X1 _DFF_PN1_ (.CLK( C), .D( D), .Q( Q), .SN( R));
    unmapped dff cell: $_DFF_PP0_
    unmapped dff cell: $_DFF_PP1_
    unmapped dff cell: $_DFFE_NN_
    unmapped dff cell: $_DFFE_NP_
    unmapped dff cell: $_DFFE_PN_
    unmapped dff cell: $_DFFE_PP_
    unmapped dff cell: $_DFFSR_NNN_
    unmapped dff cell: $_DFFSR_NNP_
    unmapped dff cell: $_DFFSR_NPN_
    unmapped dff cell: $_DFFSR_NPP_
    unmapped dff cell: $_DFFSR_PNN_
    unmapped dff cell: $_DFFSR_PNP_
    unmapped dff cell: $_DFFSR_PPN_
    unmapped dff cell: $_DFFSR_PPP_

5.1. Executing DFFLEGALIZE pass (convert FFs to types supported by the target).
<suppressed ~2 debug messages>
Mapping DFF cells in module `\registersQueue':
  mapped 2 $_DFF_PN0_ cells to \DFFRNQ_X1 cells.

6. Executing ABC pass (technology mapping using ABC).

6.1. Extracting gate netlist of module `\registersQueue' to `<abc-temp-dir>/input.blif'..

6.1.1. Executed ABC.
Extracted 2 gates and 3 wires to a netlist network with 1 inputs and 2 outputs.
Running ABC script: <abc-temp-dir>/abc.script
ABC: UC Berkeley, ABC 1.01 (compiled Oct 10 2025 19:45:01)
ABC: abc 01> empty
ABC: abc 01> source <abc-temp-dir>/abc.script
ABC: + read_blif <abc-temp-dir>/input.blif 
ABC: + read_lib -w /home/filippo/Desktop/ode4ec/faultTests/synthesizedCircuits/15nm/NanGate_15nm_OCL_typical_conditional_ccs.lib 
ABC: Parsing finished successfully.  Parsing time =     0.33 sec
ABC: Scl_LibertyReadGenlib() skipped cell "ANTENNA" due to dont_use attribute.
ABC: Scl_LibertyReadGenlib() skipped cell "CLKGATETST_X1" without logic function.
ABC: Scl_LibertyReadGenlib() skipped sequential cell "DFFRNQ_X1".
ABC: Scl_LibertyReadGenlib() skipped sequential cell "DFFSNQ_X1".
ABC: Scl_LibertyReadGenlib() skipped cell "FILLTIE" due to dont_use attribute.
ABC: Scl_LibertyReadGenlib() skipped cell "FILL_X1" due to dont_use attribute.
ABC: Scl_LibertyReadGenlib() skipped cell "FILL_X2" due to dont_use attribute.
ABC: Scl_LibertyReadGenlib() skipped cell "FILL_X4" due to dont_use attribute.
ABC: Scl_LibertyReadGenlib() skipped cell "FILL_X8" due to dont_use attribute.
ABC: Scl_LibertyReadGenlib() skipped cell "FILL_X16" due to dont_use attribute.
ABC: Scl_LibertyReadGenlib() skipped sequential cell "LHQ_X1".
ABC: Scl_LibertyReadGenlib() skipped sequential cell "SDFFRNQ_X1".
ABC: Scl_LibertyReadGenlib() skipped sequential cell "SDFFSNQ_X1".
ABC: Scl_LibertyReadGenlib() skipped three-state cell "TBUF_X1".
ABC: Scl_LibertyReadGenlib() skipped three-state cell "TBUF_X2".
ABC: Scl_LibertyReadGenlib() skipped three-state cell "TBUF_X4".
ABC: Scl_LibertyReadGenlib() skipped three-state cell "TBUF_X8".
ABC: Scl_LibertyReadGenlib() skipped three-state cell "TBUF_X12".
ABC: Scl_LibertyReadGenlib() skipped three-state cell "TBUF_X16".
ABC: Scl_LibertyReadGenlib() skipped cell "TIEH" due to dont_use attribute.
ABC: Scl_LibertyReadGenlib() skipped cell "TIEL" due to dont_use attribute.
ABC: Library "NanGate_15nm_OCL" from "/home/filippo/Desktop/ode4ec/faultTests/synthesizedCircuits/15nm/NanGate_15nm_OCL_typical_conditional_ccs.lib" has 55 cells (21 skipped: 5 seq; 6 tri-state; 1 no func; 9 dont_use; 0 with 2 outputs; 0 with 3+ outputs).  Time =     0.34 sec
ABC: Memory =  176.75 MB. Time =     0.34 sec
ABC: Warning: Detected 2 multi-output cells (for example, "FA_X1").
ABC: + strash 
ABC: + &get -n 
ABC: + &fraig -x 
ABC: + &put 
ABC: + scorr 
ABC: Warning: The network is combinational (run "fraig" or "fraig_sweep").
ABC: + dc2 
ABC: + dretime 
ABC: + strash 
ABC: + &get -n 
ABC: + &dch -f 
ABC: + &nf 
ABC: + &put 
ABC: + write_blif <abc-temp-dir>/output.blif 

6.1.2. Re-integrating ABC results.
ABC RESULTS:            INV_X1 cells:        2
ABC RESULTS:        internal signals:        0
ABC RESULTS:           input signals:        1
ABC RESULTS:          output signals:        2
Removing temp directory.
Removing global temp directory.
Removed 0 unused cells and 3 unused wires.

7. Executing Verilog backend.

7.1. Executing BMUXMAP pass.

7.2. Executing DEMUXMAP pass.
Dumping module `\registersQueue'.

End of script. Logfile hash: b002385d42, CPU: user 0.40s system 0.08s, MEM: 310.24 MB peak
Yosys 0.58+35 (git sha1 9a12d9255, clang++ 18.1.3 -fPIC -O3)
Time spent: 59% 2x abc (0 sec), 37% 1x dfflibmap (0 sec), ...
