
 /----------------------------------------------------------------------------\
 |  yosys -- Yosys Open SYnthesis Suite                                       |
 |  Copyright (C) 2012 - 2025  Claire Xenia Wolf <claire@yosyshq.com>         |
 |  Distributed under an ISC-like license, type "license" to see terms        |
 \----------------------------------------------------------------------------/
 Yosys 0.58+35 (git sha1 9a12d9255, clang++ 18.1.3 -fPIC -O3)

-- Running command `read_verilog /home/filippo/Desktop/ode4ec/proveSintesi/fault/15nm/fsm/fsm.synth.v; hierarchy -auto-top; proc; show -format png -prefix img/fsm_s' --

1. Executing Verilog-2005 frontend: /home/filippo/Desktop/ode4ec/proveSintesi/fault/15nm/fsm/fsm.synth.v
Parsing Verilog input from `/home/filippo/Desktop/ode4ec/proveSintesi/fault/15nm/fsm/fsm.synth.v' to AST representation.
verilog frontend filename /home/filippo/Desktop/ode4ec/proveSintesi/fault/15nm/fsm/fsm.synth.v
Generating RTLIL representation for module `\fsm'.
Successfully finished Verilog frontend.

2. Executing HIERARCHY pass (managing design hierarchy).
Attribute `top' found on module `fsm'. Setting top module to fsm.

2.1. Analyzing design hierarchy..
Top module:  \fsm

2.2. Analyzing design hierarchy..
Top module:  \fsm
Removed 0 unused modules.

3. Executing PROC pass (convert processes to netlists).

3.1. Executing PROC_CLEAN pass (remove empty switches from decision trees).
Cleaned up 0 empty switches.

3.2. Executing PROC_RMDEAD pass (remove dead branches from decision trees).
Removed a total of 0 dead cases.

3.3. Executing PROC_PRUNE pass (remove redundant assignments in processes).
Removed 0 redundant assignments.
Promoted 0 assignments to connections.

3.4. Executing PROC_INIT pass (extract init attributes).

3.5. Executing PROC_ARST pass (detect async resets in processes).

3.6. Executing PROC_ROM pass (convert switches to ROMs).
Converted 0 switches.

3.7. Executing PROC_MUX pass (convert decision trees to multiplexers).

3.8. Executing PROC_DLATCH pass (convert process syncs to latches).

3.9. Executing PROC_DFF pass (convert process syncs to FFs).

3.10. Executing PROC_MEMWR pass (convert process memory writes to cells).

3.11. Executing PROC_CLEAN pass (remove empty switches from decision trees).
Cleaned up 0 empty switches.

3.12. Executing OPT_EXPR pass (perform const folding).
Optimizing module fsm.

4. Generating Graphviz representation of design.
Writing dot description to `img/fsm_s.dot'.
Dumping module fsm to page 1.
Exec: dot -Tpng 'img/fsm_s.dot' > 'img/fsm_s.png.new' && mv 'img/fsm_s.png.new' 'img/fsm_s.png'

End of script. Logfile hash: 1d87240a95, CPU: user 0.00s system 0.00s, MEM: 11.93 MB peak
Yosys 0.58+35 (git sha1 9a12d9255, clang++ 18.1.3 -fPIC -O3)
Time spent: 98% 1x show (0 sec), 1% 2x read_verilog (0 sec), ...
